the information you need is shown below, thanks a lot!

root@ACT103:/var/lib/jenkins# /opt/rocm/bin/rocminfo                            
ROCk module is loaded                            
Able to open /dev/kfd read-write                                                                         
=====================                                                                    
HSA System Attributes                                                           
=====================                                       
Runtime Version:         1.1                                                    
System Timestamp Freq.:  1000.000000MHz                                         
Sig. Max Wait Duration:  18446744073709551615 (0xFFFFFFFFFFFFFFFF) (timestamp count)                
Machine Model:           LARGE                                                                        
System Endianness:       LITTLE                                                 
                                                                 
==========                                                                      
HSA Agents                                                                      
==========                                                                      
*******                                                                         
Agent 1                                                                         
*******                                                                         
  Name:                    Intel(R) Xeon(R) Gold 6248 CPU @ 2.50GHz             
  Uuid:                    CPU-XX                                               
  Marketing Name:          Intel(R) Xeon(R) Gold 6248 CPU @ 2.50GHz                                                 
  Vendor Name:             CPU                                                  
  Feature:                 None specified                                       
  Profile:                 FULL_PROFILE                                         
  Float Round Mode:        NEAR                                                 
  Max Queue Number:        0(0x0)                                               
  Queue Min Size:          0(0x0)                                               
  Queue Max Size:          0(0x0)                                               
  Queue Type:              MULTI                                                                           
  Node:                    0                                                    
  Device Type:             CPU                                                                                 
  Cache Info:                                                                   
    L1:                      32768(0x8000) KB                                   
  Chip ID:                 0(0x0)                                               
  Cacheline Size:          64(0x40)                                                                            
  Max Clock Freq. (MHz):   0                                                    
  BDFID:                   0                                                    
  Internal Node ID:        0                                                    
  Compute Unit:            40                                                                                  
  SIMDs per CU:            0                                                    
  Shader Engines:          0                                                    
  Shader Arrs. per Eng.:   0                                                    
  WatchPts on Addr. Ranges:1                                                                                   
  Features:                None
  Pool Info:
    Pool 1
      Segment:                 GLOBAL; FLAGS: KERNARG, FINE GRAINED
      Size:                    388737852(0x172bab3c) KB
      Allocatable:             TRUE
      Alloc Granule:           4KB
      Alloc Alignment:         4KB
      Accessible by all:       TRUE
    Pool 2
      Segment:                 GLOBAL; FLAGS: COARSE GRAINED
      Size:                    388737852(0x172bab3c) KB
      Allocatable:             TRUE
      Alloc Granule:           4KB
      Alloc Alignment:         4KB
      Accessible by all:       TRUE
  ISA Info:
    N/A
*******
Agent 2
*******
  Name:                    Intel(R) Xeon(R) Gold 6248 CPU @ 2.50GHz
  Uuid:                    CPU-XX
  Marketing Name:          Intel(R) Xeon(R) Gold 6248 CPU @ 2.50GHz
  Vendor Name:             CPU
  Feature:                 None specified
  Profile:                 FULL_PROFILE
  Float Round Mode:        NEAR
  Max Queue Number:        0(0x0)
  Queue Min Size:          0(0x0)
  Queue Max Size:          0(0x0)
  Queue Type:              MULTI
  Node:                    1
  Device Type:             CPU
  Cache Info:
    L1:                      32768(0x8000) KB
  Chip ID:                 0(0x0)
  Cacheline Size:          64(0x40)
  Max Clock Freq. (MHz):   0
  BDFID:                   0
  Internal Node ID:        1
  Compute Unit:            40
  SIMDs per CU:            0
  Shader Engines:          0
  Shader Arrs. per Eng.:   0
  WatchPts on Addr. Ranges:1
  Features:                None
  Pool Info:
    Pool 1
      Segment:                 GLOBAL; FLAGS: KERNARG, FINE GRAINED
      Size:                    390133660(0x1740f79c) KB
      Allocatable:             TRUE
      Alloc Granule:           4KB
      Alloc Alignment:         4KB
      Accessible by all:       TRUE
    Pool 2
      Segment:                 GLOBAL; FLAGS: COARSE GRAINED
      Size:                    390133660(0x1740f79c) KB
      Allocatable:             TRUE
      Alloc Granule:           4KB
      Alloc Alignment:         4KB
      Accessible by all:       TRUE
  ISA Info:
    N/A
*******
Agent 3
*******
  Name:                    gfx900
  Uuid:                    GPU-021544ce42504164
  Marketing Name:          Device 6868
  Vendor Name:             AMD
  Feature:                 KERNEL_DISPATCH
  Profile:                 BASE_PROFILE
  Float Round Mode:        NEAR
  Max Queue Number:        128(0x80)
  Queue Min Size:          4096(0x1000)
  Queue Max Size:          131072(0x20000)
  Queue Type:              MULTI
  Node:                    2
  Device Type:             GPU
  Cache Info:
    L1:                      16(0x10) KB
  Chip ID:                 26728(0x6868)
  Cacheline Size:          64(0x40)
  Max Clock Freq. (MHz):   1500
  BDFID:                   15616
  Internal Node ID:        2
  Compute Unit:            56
  SIMDs per CU:            4
  Shader Engines:          4
  Shader Arrs. per Eng.:   1
  WatchPts on Addr. Ranges:4
  Features:                KERNEL_DISPATCH
  Fast F16 Operation:      FALSE
  Wavefront Size:          64(0x40)
  Workgroup Max Size:      1024(0x400)
  Workgroup Max Size per Dimension:
    x                        1024(0x400)
    y                        1024(0x400)
    z                        1024(0x400)
  Max Waves Per CU:        40(0x28)
  Max Work-item Per CU:    2560(0xa00)
  Grid Max Size:           4294967295(0xffffffff)
  Grid Max Size per Dimension:
    x                        4294967295(0xffffffff)
    y                        4294967295(0xffffffff)
    z                        4294967295(0xffffffff)
  Max fbarriers/Workgrp:   32
  Pool Info:
    Pool 1
      Segment:                 GLOBAL; FLAGS: COARSE GRAINED
      Size:                    8372224(0x7fc000) KB
      Allocatable:             TRUE
      Alloc Granule:           4KB
      Alloc Alignment:         4KB
      Accessible by all:       FALSE
    Pool 2
      Segment:                 GROUP
      Size:                    64(0x40) KB
      Allocatable:             FALSE
      Alloc Granule:           0KB
      Alloc Alignment:         0KB
      Accessible by all:       FALSE
  ISA Info:
    ISA 1
      Name:                    amdgcn-amd-amdhsa--gfx900
      Machine Models:          HSA_MACHINE_MODEL_LARGE
      Profiles:                HSA_PROFILE_BASE
      Default Rounding Mode:   NEAR
      Default Rounding Mode:   NEAR
      Fast f16:                TRUE
      Workgroup Max Size:      1024(0x400)
      Workgroup Max Size per Dimension:
        x                        1024(0x400)
        y                        1024(0x400)
        z                        1024(0x400)
      Grid Max Size:           4294967295(0xffffffff)
      Grid Max Size per Dimension:
        x                        4294967295(0xffffffff)
        y                        4294967295(0xffffffff)
        z                        4294967295(0xffffffff)
      FBarrier Max Size:       32
*** Done ***



root@ACT103:/var/lib/jenkins# /opt/rocm/opencl/bin/clinfo
Number of platforms:                             1             
  Platform Profile:                              FULL_PROFILE
  Platform Version:                              OpenCL 2.0 AMD-APP (3212.0) 
  Platform Name:                                 AMD Accelerated Parallel Processing
  Platform Vendor:                               Advanced Micro Devices, Inc.
  Platform Extensions:                           cl_khr_icd cl_amd_event_callback
                                                           
                                                                                                                                                      
  Platform Name:                                 AMD Accelerated Parallel Processing                                                                  Number of devices:                               1                                                                                                      Device Type:                                   CL_DEVICE_TYPE_GPU  Vendor ID:                                     1002h
  Board name:                                    Device 6868
  Device Topology:                               PCI[ B#61, D#0, F#0 ]
  Max compute units:                             56
  Max work items dimensions:                     3
    Max work items[0]:                           1024
    Max work items[1]:                           1024
    Max work items[2]:                           1024
  Max work group size:                           256
  Preferred vector width char:                   4
  Preferred vector width short:                  2
  Preferred vector width int:                    1
  Preferred vector width long:                   1
  Preferred vector width float:                  1
  Preferred vector width double:                 1
  Native vector width char:                      4
  Native vector width short:                     2
  Native vector width int:                       1
  Native vector width long:                      1
  Native vector width float:                     1
  Native vector width double:                    1
  Max clock frequency:                           1500Mhz
  Address bits:                                  64
  Max memory allocation:                         7287183768
  Image support:                                 Yes
  Max number of images read arguments:           128
  Max number of images write arguments:          8
  Max image 2D width:                            16384
  Max image 2D height:                           16384
  Max image 3D width:                            16384
  Max image 3D height:                           16384
  Max image 3D depth:                            8192
  Max samplers within kernel:                    26728
  Max size of kernel argument:                   1024
  Alignment (bits) of base address:              1024
  Minimum alignment (bytes) for any datatype:    128
  Single precision floating point capability
    Denorms:                                     Yes
    Quiet NaNs:                                  Yes
    Round to nearest even:                       Yes
    Round to zero:                               Yes
    Round to +ve and infinity:                   Yes
    IEEE754-2008 fused multiply-add:             Yes
  Cache type:                                    Read/Write
  Cache line size:                               64
  Cache size:                                    16384
  Global memory size:                            8573157376
  Constant buffer size:                          7287183768
  Max number of constant args:                   8
  Local memory type:                             Scratchpad
  Local memory size:                             65536
  Max pipe arguments:                            16
  Max pipe active reservations:                  16
  Max pipe packet size:                          2992216472
  Max global variable size:                      7287183768
  Max global variable preferred total size:      8573157376
  Max read/write image args:                     64
  Max on device events:                          1024
  Queue on device max size:                      8388608
  Max on device queues:                          1
  Queue on device preferred size:                262144
  SVM capabilities:
    Coarse grain buffer:                         Yes
    Fine grain buffer:                           Yes
    Fine grain system:                           No
    Atomics:                                     No
  Preferred platform atomic alignment:           0
  Preferred global atomic alignment:             0
  Preferred local atomic alignment:              0
  Kernel Preferred work group size multiple:     64
  Error correction support:                      0
  Unified memory for Host and Device:            0
  Profiling timer resolution:                    1
  Device endianess:                              Little
  Available:                                     Yes
  Compiler available:                            Yes
  Execution capabilities:
    Execute OpenCL kernels:                      Yes
    Execute native function:                     No
  Queue on Host properties:
    Out-of-Order:                                No
    Profiling :                                  Yes
  Queue on Device properties:
    Out-of-Order:                                Yes
    Profiling :                                  Yes
  Platform ID:                                   0x7f580820bcf0
  Name:                                          gfx900
  Vendor:                                        Advanced Micro Devices, Inc.
  Device OpenCL C version:                       OpenCL C 2.0
  Driver version:                                3212.0 (HSA1.1,LC)
  Profile:                                       FULL_PROFILE
  Version:                                       OpenCL 2.0
  Extensions:                                    cl_khr_fp64 cl_khr_global_int32_base_atomics cl_khr_global_int32_extended_atomics cl_khr_local_int32_
base_atomics cl_khr_local_int32_extended_atomics cl_khr_int64_base_atomics cl_khr_int64_extended_atomics cl_khr_3d_image_writes cl_khr_byte_addressabl
e_store cl_khr_fp16 cl_khr_gl_sharing cl_amd_device_attribute_query cl_amd_media_ops cl_amd_media_ops2 cl_khr_image2d_from_buffer cl_khr_subgroups cl_
khr_depth_images cl_amd_copy_buffer_p2p cl_amd_assembly_program



root@ACT103:/var/lib/jenkins# /opt/rocm/bin/rocm-smi -a                                                                                               
                                                                                                                                                      
                                                                                                                                                      
======================= ROCm System Management Interface =======================                                                                      
========================= Version of System Component ==========================                                                                      
Driver version: 5.6.19                                                                                                                                
================================================================================                                                                      
====================================== ID ======================================                                                                      
GPU[0]          : GPU ID: 0x6868                                                                                                                      
================================================================================                                                                      
================================== Unique ID ===================================                                                                      
GPU[0]          : Unique ID: 0x21544ce42504164                                                                                                        
================================================================================                                                                      
==================================== VBIOS =====================================                                                                      
GPU[0]          : VBIOS version: 113-D0511100-109                                                                                                     
================================================================================                                                                      
================================= Temperature ==================================                                                                      
GPU[0]          : Temperature (Sensor edge) (C): 21.0                                                                                                 
GPU[0]          : Temperature (Sensor junction) (C): 22.0                                                                                             
GPU[0]          : Temperature (Sensor memory) (C): 30.0                                                                                               
================================================================================                                                                      
========================== Current clock frequencies ===========================                                                                      
GPU[0]          : dcefclk clock level: 0: (600Mhz)                                                                                                    
GPU[0]          : mclk clock level: 0: (167Mhz)                                                                                                       
GPU[0]          : sclk clock level: 3: (1269Mhz)                                                                                                      
GPU[0]          : socclk clock level: 3: (960Mhz)                                                                                                     
GPU[0]          : pcie clock level: 1 (8.0GT/s x16)                                                                                                   
================================================================================                                                                      
============================== Current Fan Metric ==============================                                                                      
GPU[0]          : Fan Level: 38 (15%)                                                                                                                 
GPU[0]          : Fan RPM: 754                                                                                                                        
================================================================================                                                                      
============================ Show Performance Level ============================                                                                      
GPU[0]          : Performance Level: auto
================================================================================
=============================== OverDrive Level ================================
ERROR: GPU[0]           : Unable to retrieve mclk OverDrive level
================================== Power Cap ===================================
GPU[0]          : Max Graphics Package Power (W): 170.0
================================================================================
============================= Show Power Profiles ==============================
GPU[0]          : 1. Available power profile (#1 of 7): CUSTOM
GPU[0]          : 2. Available power profile (#2 of 7): VIDEO
GPU[0]          : 3. Available power profile (#3 of 7): POWER SAVING
GPU[0]          : 4. Available power profile (#4 of 7): COMPUTE
GPU[0]          : 5. Available power profile (#5 of 7): VR
GPU[0]          : 6. Available power profile (#6 of 7): 3D FULL SCREEN
GPU[0]          : 7. Available power profile (#7 of 7): BOOTUP DEFAULT*
================================================================================
============================== Power Consumption ===============================
GPU[0]          : Average Graphics Package Power (W): 12.0
================================================================================
========================= Supported clock frequencies ==========================
GPU[0]          : Supported dcefclk frequencies on GPU0
GPU[0]          : 0: 600Mhz *
GPU[0]          : 1: 720Mhz
GPU[0]          : 2: 847Mhz
GPU[0]          : 3: 900Mhz
GPU[0]          :
GPU[0]          : Supported mclk frequencies on GPU0
GPU[0]          : 0: 167Mhz *
GPU[0]          : 1: 500Mhz
GPU[0]          : 2: 700Mhz
GPU[0]          : 3: 1000Mhz
GPU[0]          :
GPU[0]          : Supported sclk frequencies on GPU0
GPU[0]          : 0: 852Mhz
GPU[0]          : 1: 991Mhz
GPU[0]          : 2: 1138Mhz
GPU[0]          : 3: 1269Mhz *
GPU[0]          : 4: 1348Mhz
GPU[0]          : 5: 1399Mhz
GPU[0]          : 6: 1440Mhz
GPU[0]          : 7: 1500Mhz
GPU[0]          :
GPU[0]          : Supported socclk frequencies on GPU0
GPU[0]          : 0: 600Mhz
GPU[0]          : 1: 720Mhz
GPU[0]          : 2: 847Mhz
GPU[0]          : 3: 960Mhz *
GPU[0]          : 4: 1028Mhz
GPU[0]          : 5: 1107Mhz
GPU[0]          :
GPU[0]          : Supported PCIe frequencies on GPU0
GPU[0]          : 0: 8.0GT/s x16
GPU[0]          : 1: 8.0GT/s x16 *
GPU[0]          :
--------------------------------------------------------------------------------
================================================================================
============================== % time GPU is busy ==============================
GPU[0]          : GPU use (%): 0
================================================================================
============================== Current Memory Use ==============================
ERROR: 2 GPU[0]: % memory use: RSMI_STATUS_NOT_SUPPORTED: This function is not supported in the current environment.
================================================================================
================================ Memory Vendor =================================
GPU[0]          : GPU memory vendor: hynix
================================================================================
============================= PCIe Replay Counter ==============================
GPU[0]          : PCIe Replay Count: 0
================================================================================
================================ Serial Number =================================
GPU[0]          : Serial Number: N/A
================================================================================
================================ KFD Processes =================================
No KFD PIDs currently running
================================================================================
============================= GPUs Indexed by PID ==============================
No KFD PIDs currently running
================================================================================
================== GPU Memory clock frequencies and voltages ===================
ERROR: 2 GPU[0]: od volt: RSMI_STATUS_NOT_SUPPORTED: This function is not supported in the current environment.
================================================================================
=============================== Current voltage ================================
GPU[0]          : Voltage (mV): 987
================================================================================
================================== PCI Bus ID ==================================
GPU[0]          : PCI Bus: 0000:3D:00.0
================================================================================
============================= Firmware Information =============================
GPU[0]          : ASD firmware version:         1446554
GPU[0]          : CE firmware version:          74
GPU[0]          : DMCU firmware version:        0
GPU[0]          : MC firmware version:          0
GPU[0]          : ME firmware version:          148
GPU[0]          : MEC firmware version:         352
GPU[0]          : MEC2 firmware version:        352
GPU[0]          : PFP firmware version:         164
GPU[0]          : RLC firmware version:         88
GPU[0]          : RLC SRLC firmware version:    0
GPU[0]          : RLC SRLG firmware version:    0
GPU[0]          : RLC SRLS firmware version:    0
GPU[0]          : SDMA firmware version:        407
GPU[0]          : SDMA2 firmware version:       407
GPU[0]          : SMC firmware version:         00.28.40.00
GPU[0]          : SOS firmware version:         0x00161a92
GPU[0]          : TA RAS firmware version:      00.00.00.00
GPU[0]          : TA XGMI firmware version:     00.00.00.00
GPU[0]          : UVD firmware version:         0x01571100
GPU[0]          : VCE firmware version:         0x352d0400
GPU[0]          : VCN firmware version:         0x00000000
================================================================================
================================= Product Info =================================
GPU[0]          : Card series:          0x1002
GPU[0]          : Card model:           0x1002
GPU[0]          : Card vendor:          0x1002
GPU[0]          : Card SKU:             D05111
================================================================================
================================== Pages Info ==================================
ERROR: 2 GPU[0]: ras: RSMI_STATUS_NOT_SUPPORTED: This function is not supported in the current environment.
============================ Show Valid sclk Range =============================
ERROR: 2 GPU[0]: od volt: RSMI_STATUS_NOT_SUPPORTED: This function is not supported in the current environment.
GPU[0]          : Unable to display sclk range
================================================================================
============================ Show Valid mclk Range =============================
ERROR: 2 GPU[0]: od volt: RSMI_STATUS_NOT_SUPPORTED: This function is not supported in the current environment.
GPU[0]          : Unable to display mclk range
================================================================================
=========================== Show Valid voltage Range ===========================
ERROR: 2 GPU[0]: od volt: RSMI_STATUS_NOT_SUPPORTED: This function is not supported in the current environment.
GPU[0]          : Unable to display voltage range
================================================================================
============================= Voltage Curve Points =============================
ERROR: 2 GPU[0]: od volt: RSMI_STATUS_NOT_SUPPORTED: This function is not supported in the current environment.
GPU[0]          : Voltage Curve is not supported
================================================================================
WARNING:                 One or more commands failed
============================= End of ROCm SMI Log ==============================



root@ACT103:/var/lib/jenkins/HIP-Examples# dmesg 2>&1 | tee  dmesgnewlog
[    0.000000] microcode: microcode updated early to revision 0x5003003, date = 2020-06-18
[    0.000000] Linux version 5.4.53-050453-generic (kernel@kathleen) (gcc version 9.3.0 (Ubuntu 9.3.0-13ubuntu1)) #202007220833 SMP Wed Jul 22 08:37:14 UTC 2020
[    0.000000] Command line: BOOT_IMAGE=/boot/vmlinuz-5.4.53-050453-generic root=UUID=dbbcdeef-155d-426c-8e00-e8e7cb408150 ro quiet splash iommu=pt intel_iommu=on default_hugepagesz=2M hugepagesz=1G hugepages=16 hugepagesz=2M hugepages=4096 vt.handoff=1
[    0.000000] KERNEL supported cpus:
[    0.000000]   Intel GenuineIntel
[    0.000000]   AMD AuthenticAMD
[    0.000000]   Hygon HygonGenuine
[    0.000000]   Centaur CentaurHauls
[    0.000000]   zhaoxin   Shanghai  
[    0.000000] x86/fpu: Supporting XSAVE feature 0x001: 'x87 floating point registers'
[    0.000000] x86/fpu: Supporting XSAVE feature 0x002: 'SSE registers'
[    0.000000] x86/fpu: Supporting XSAVE feature 0x004: 'AVX registers'
[    0.000000] x86/fpu: Supporting XSAVE feature 0x008: 'MPX bounds registers'
[    0.000000] x86/fpu: Supporting XSAVE feature 0x010: 'MPX CSR'
[    0.000000] x86/fpu: Supporting XSAVE feature 0x020: 'AVX-512 opmask'
[    0.000000] x86/fpu: Supporting XSAVE feature 0x040: 'AVX-512 Hi256'
[    0.000000] x86/fpu: Supporting XSAVE feature 0x080: 'AVX-512 ZMM_Hi256'
[    0.000000] x86/fpu: Supporting XSAVE feature 0x200: 'Protection Keys User registers'
[    0.000000] x86/fpu: xstate_offset[2]:  576, xstate_sizes[2]:  256
[    0.000000] x86/fpu: xstate_offset[3]:  832, xstate_sizes[3]:   64
[    0.000000] x86/fpu: xstate_offset[4]:  896, xstate_sizes[4]:   64
[    0.000000] x86/fpu: xstate_offset[5]:  960, xstate_sizes[5]:   64
[    0.000000] x86/fpu: xstate_offset[6]: 1024, xstate_sizes[6]:  512
[    0.000000] x86/fpu: xstate_offset[7]: 1536, xstate_sizes[7]: 1024
[    0.000000] x86/fpu: xstate_offset[9]: 2560, xstate_sizes[9]:    8
[    0.000000] x86/fpu: Enabled xstate features 0x2ff, context size is 2568 bytes, using 'compacted' format.
[    0.000000] BIOS-provided physical RAM map:
[    0.000000] BIOS-e820: [mem 0x0000000000000000-0x000000000009ffff] usable
[    0.000000] BIOS-e820: [mem 0x00000000000a0000-0x00000000000fffff] reserved
[    0.000000] BIOS-e820: [mem 0x0000000000100000-0x0000000050263fff] usable
[    0.000000] BIOS-e820: [mem 0x0000000050264000-0x00000000503e5fff] reserved
[    0.000000] BIOS-e820: [mem 0x00000000503e6000-0x00000000682fefff] usable
[    0.000000] BIOS-e820: [mem 0x00000000682ff000-0x000000006ebfefff] reserved
[    0.000000] BIOS-e820: [mem 0x000000006ebff000-0x000000006f9fefff] ACPI NVS
[    0.000000] BIOS-e820: [mem 0x000000006f9ff000-0x000000006fffefff] ACPI data
[    0.000000] BIOS-e820: [mem 0x000000006ffff000-0x000000006fffffff] usable
[    0.000000] BIOS-e820: [mem 0x0000000070000000-0x000000008fffffff] reserved
[    0.000000] BIOS-e820: [mem 0x00000000fe000000-0x00000000fe010fff] reserved
[    0.000000] BIOS-e820: [mem 0x0000000100000000-0x000000bd3fffffff] usable
[    0.000000] BIOS-e820: [mem 0x000000bd40000000-0x000000bd6fffffff] reserved
[    0.000000] NX (Execute Disable) protection: active
[    0.000000] e820: update [mem 0x4fc2a020-0x4fc5be5f] usable ==> usable
[    0.000000] e820: update [mem 0x4fc2a020-0x4fc5be5f] usable ==> usable
[    0.000000] e820: update [mem 0x4fbf8020-0x4fc29e5f] usable ==> usable
[    0.000000] e820: update [mem 0x4fbf8020-0x4fc29e5f] usable ==> usable
[    0.000000] e820: update [mem 0x4fbef020-0x4fbf705f] usable ==> usable
[    0.000000] e820: update [mem 0x4fbef020-0x4fbf705f] usable ==> usable
[    0.000000] e820: update [mem 0x4fbd6020-0x4fbee65f] usable ==> usable
[    0.000000] e820: update [mem 0x4fbd6020-0x4fbee65f] usable ==> usable
[    0.000000] e820: update [mem 0x4fba6020-0x4fbd505f] usable ==> usable
[    0.000000] e820: update [mem 0x4fba6020-0x4fbd505f] usable ==> usable
[    0.000000] e820: update [mem 0x4fb76020-0x4fba505f] usable ==> usable
[    0.000000] e820: update [mem 0x4fb76020-0x4fba505f] usable ==> usable
[    0.000000] e820: update [mem 0x4fb5c020-0x4fb75c5f] usable ==> usable
[    0.000000] e820: update [mem 0x4fb5c020-0x4fb75c5f] usable ==> usable
[    0.000000] e820: update [mem 0x4fb27020-0x4fb5b25f] usable ==> usable
[    0.000000] e820: update [mem 0x4fb27020-0x4fb5b25f] usable ==> usable
[    0.000000] e820: update [mem 0x4faf2020-0x4fb2625f] usable ==> usable
[    0.000000] e820: update [mem 0x4faf2020-0x4fb2625f] usable ==> usable
[    0.000000] extended physical RAM map:
[    0.000000] reserve setup_data: [mem 0x0000000000000000-0x000000000009ffff] usable
[    0.000000] reserve setup_data: [mem 0x00000000000a0000-0x00000000000fffff] reserved
[    0.000000] reserve setup_data: [mem 0x0000000000100000-0x000000004faf201f] usable
[    0.000000] reserve setup_data: [mem 0x000000004faf2020-0x000000004fb2625f] usable
[    0.000000] reserve setup_data: [mem 0x000000004fb26260-0x000000004fb2701f] usable
[    0.000000] reserve setup_data: [mem 0x000000004fb27020-0x000000004fb5b25f] usable
[    0.000000] reserve setup_data: [mem 0x000000004fb5b260-0x000000004fb5c01f] usable
[    0.000000] reserve setup_data: [mem 0x000000004fb5c020-0x000000004fb75c5f] usable
[    0.000000] reserve setup_data: [mem 0x000000004fb75c60-0x000000004fb7601f] usable
[    0.000000] reserve setup_data: [mem 0x000000004fb76020-0x000000004fba505f] usable
[    0.000000] reserve setup_data: [mem 0x000000004fba5060-0x000000004fba601f] usable
[    0.000000] reserve setup_data: [mem 0x000000004fba6020-0x000000004fbd505f] usable
[    0.000000] reserve setup_data: [mem 0x000000004fbd5060-0x000000004fbd601f] usable
[    0.000000] reserve setup_data: [mem 0x000000004fbd6020-0x000000004fbee65f] usable
[    0.000000] reserve setup_data: [mem 0x000000004fbee660-0x000000004fbef01f] usable
[    0.000000] reserve setup_data: [mem 0x000000004fbef020-0x000000004fbf705f] usable
[    0.000000] reserve setup_data: [mem 0x000000004fbf7060-0x000000004fbf801f] usable
[    0.000000] reserve setup_data: [mem 0x000000004fbf8020-0x000000004fc29e5f] usable
[    0.000000] reserve setup_data: [mem 0x000000004fc29e60-0x000000004fc2a01f] usable
[    0.000000] reserve setup_data: [mem 0x000000004fc2a020-0x000000004fc5be5f] usable
[    0.000000] reserve setup_data: [mem 0x000000004fc5be60-0x0000000050263fff] usable
[    0.000000] reserve setup_data: [mem 0x0000000050264000-0x00000000503e5fff] reserved
[    0.000000] reserve setup_data: [mem 0x00000000503e6000-0x00000000682fefff] usable
[    0.000000] reserve setup_data: [mem 0x00000000682ff000-0x000000006ebfefff] reserved
[    0.000000] reserve setup_data: [mem 0x000000006ebff000-0x000000006f9fefff] ACPI NVS
[    0.000000] reserve setup_data: [mem 0x000000006f9ff000-0x000000006fffefff] ACPI data
[    0.000000] reserve setup_data: [mem 0x000000006ffff000-0x000000006fffffff] usable
[    0.000000] reserve setup_data: [mem 0x0000000070000000-0x000000008fffffff] reserved
[    0.000000] reserve setup_data: [mem 0x00000000fe000000-0x00000000fe010fff] reserved
[    0.000000] reserve setup_data: [mem 0x0000000100000000-0x000000bd3fffffff] usable
[    0.000000] reserve setup_data: [mem 0x000000bd40000000-0x000000bd6fffffff] reserved
[    0.000000] efi: EFI v2.70 by Dell Inc.
[    0.000000] efi:  ACPI=0x6fffe000  ACPI 2.0=0x6fffe014  SMBIOS=0x68d36000  SMBIOS 3.0=0x68d34000  MEMATTR=0x652016a0 
[    0.000000] SMBIOS 3.2.0 present.
[    0.000000] DMI: Dell Inc. PowerEdge R740/0WXD1Y, BIOS 2.6.4 04/09/2020
[    0.000000] tsc: Detected 2500.000 MHz processor
[    0.000013] e820: update [mem 0x00000000-0x00000fff] usable ==> reserved
[    0.000014] e820: remove [mem 0x000a0000-0x000fffff] usable
[    0.000021] last_pfn = 0xbd40000 max_arch_pfn = 0x400000000
[    0.000024] MTRR default type: uncachable
[    0.000025] MTRR fixed ranges enabled:
[    0.000026]   00000-9FFFF write-back
[    0.000027]   A0000-BFFFF uncachable
[    0.000027]   C0000-FFFFF write-protect
[    0.000028] MTRR variable ranges enabled:
[    0.000029]   0 base 000000000000 mask 3F8000000000 write-back
[    0.000030]   1 base 008000000000 mask 3FC000000000 write-back
[    0.000031]   2 base 00BD40000000 mask 3FFFC0000000 uncachable
[    0.000031]   3 base 00BD80000000 mask 3FFF80000000 uncachable
[    0.000032]   4 base 00BE00000000 mask 3FFE00000000 uncachable
[    0.000033]   5 base 000080000000 mask 3FFF80000000 uncachable
[    0.000033]   6 base 000070000000 mask 3FFFFC000000 uncachable
[    0.000034]   7 disabled
[    0.000034]   8 disabled
[    0.000034]   9 disabled
[    0.000596] x86/PAT: Configuration [0-7]: WB  WC  UC- UC  WB  WP  UC- WT  
[    0.000855] total RAM covered: 773056M
[    0.000957]  gran_size: 64K 	chunk_size: 64K 	num_reg: 10  	lose cover RAM: 629G
[    0.000958]  gran_size: 64K 	chunk_size: 128K 	num_reg: 10  	lose cover RAM: 629G
[    0.000959]  gran_size: 64K 	chunk_size: 256K 	num_reg: 10  	lose cover RAM: 629G
[    0.000960]  gran_size: 64K 	chunk_size: 512K 	num_reg: 10  	lose cover RAM: 629G
[    0.000961]  gran_size: 64K 	chunk_size: 1M 	num_reg: 10  	lose cover RAM: 629G
[    0.000962]  gran_size: 64K 	chunk_size: 2M 	num_reg: 10  	lose cover RAM: 629G
[    0.000962]  gran_size: 64K 	chunk_size: 4M 	num_reg: 10  	lose cover RAM: 629G
[    0.000963]  gran_size: 64K 	chunk_size: 8M 	num_reg: 10  	lose cover RAM: 629G
[    0.000964]  gran_size: 64K 	chunk_size: 16M 	num_reg: 10  	lose cover RAM: 629G
[    0.000964]  gran_size: 64K 	chunk_size: 32M 	num_reg: 10  	lose cover RAM: 629G
[    0.000965]  gran_size: 64K 	chunk_size: 64M 	num_reg: 10  	lose cover RAM: 629G
[    0.000966]  gran_size: 64K 	chunk_size: 128M 	num_reg: 10  	lose cover RAM: 725G
[    0.000966]  gran_size: 64K 	chunk_size: 256M 	num_reg: 10  	lose cover RAM: 725G
[    0.000967]  gran_size: 64K 	chunk_size: 512M 	num_reg: 10  	lose cover RAM: 117G
[    0.000968]  gran_size: 64K 	chunk_size: 1G 	num_reg: 10  	lose cover RAM: 117G
[    0.000968]  gran_size: 64K 	chunk_size: 2G 	num_reg: 10  	lose cover RAM: 117G
[    0.000969]  gran_size: 128K 	chunk_size: 128K 	num_reg: 10  	lose cover RAM: 629G
[    0.000970]  gran_size: 128K 	chunk_size: 256K 	num_reg: 10  	lose cover RAM: 629G
[    0.000970]  gran_size: 128K 	chunk_size: 512K 	num_reg: 10  	lose cover RAM: 629G
[    0.000971]  gran_size: 128K 	chunk_size: 1M 	num_reg: 10  	lose cover RAM: 629G
[    0.000972]  gran_size: 128K 	chunk_size: 2M 	num_reg: 10  	lose cover RAM: 629G
[    0.000972]  gran_size: 128K 	chunk_size: 4M 	num_reg: 10  	lose cover RAM: 629G
[    0.000973]  gran_size: 128K 	chunk_size: 8M 	num_reg: 10  	lose cover RAM: 629G
[    0.000974]  gran_size: 128K 	chunk_size: 16M 	num_reg: 10  	lose cover RAM: 629G
[    0.000974]  gran_size: 128K 	chunk_size: 32M 	num_reg: 10  	lose cover RAM: 629G
[    0.000975]  gran_size: 128K 	chunk_size: 64M 	num_reg: 10  	lose cover RAM: 629G
[    0.000976]  gran_size: 128K 	chunk_size: 128M 	num_reg: 10  	lose cover RAM: 725G
[    0.000976]  gran_size: 128K 	chunk_size: 256M 	num_reg: 10  	lose cover RAM: 725G
[    0.000977]  gran_size: 128K 	chunk_size: 512M 	num_reg: 10  	lose cover RAM: 117G
[    0.000978]  gran_size: 128K 	chunk_size: 1G 	num_reg: 10  	lose cover RAM: 117G
[    0.000978]  gran_size: 128K 	chunk_size: 2G 	num_reg: 10  	lose cover RAM: 117G
[    0.000979]  gran_size: 256K 	chunk_size: 256K 	num_reg: 10  	lose cover RAM: 629G
[    0.000980]  gran_size: 256K 	chunk_size: 512K 	num_reg: 10  	lose cover RAM: 629G
[    0.000980]  gran_size: 256K 	chunk_size: 1M 	num_reg: 10  	lose cover RAM: 629G
[    0.000981]  gran_size: 256K 	chunk_size: 2M 	num_reg: 10  	lose cover RAM: 629G
[    0.000982]  gran_size: 256K 	chunk_size: 4M 	num_reg: 10  	lose cover RAM: 629G
[    0.000982]  gran_size: 256K 	chunk_size: 8M 	num_reg: 10  	lose cover RAM: 629G
[    0.000983]  gran_size: 256K 	chunk_size: 16M 	num_reg: 10  	lose cover RAM: 629G
[    0.000984]  gran_size: 256K 	chunk_size: 32M 	num_reg: 10  	lose cover RAM: 629G
[    0.000984]  gran_size: 256K 	chunk_size: 64M 	num_reg: 10  	lose cover RAM: 629G
[    0.000985]  gran_size: 256K 	chunk_size: 128M 	num_reg: 10  	lose cover RAM: 725G
[    0.000986]  gran_size: 256K 	chunk_size: 256M 	num_reg: 10  	lose cover RAM: 725G
[    0.000986]  gran_size: 256K 	chunk_size: 512M 	num_reg: 10  	lose cover RAM: 117G
[    0.000987]  gran_size: 256K 	chunk_size: 1G 	num_reg: 10  	lose cover RAM: 117G
[    0.000988]  gran_size: 256K 	chunk_size: 2G 	num_reg: 10  	lose cover RAM: 117G
[    0.000988]  gran_size: 512K 	chunk_size: 512K 	num_reg: 10  	lose cover RAM: 629G
[    0.000989]  gran_size: 512K 	chunk_size: 1M 	num_reg: 10  	lose cover RAM: 629G
[    0.000990]  gran_size: 512K 	chunk_size: 2M 	num_reg: 10  	lose cover RAM: 629G
[    0.000991]  gran_size: 512K 	chunk_size: 4M 	num_reg: 10  	lose cover RAM: 629G
[    0.000991]  gran_size: 512K 	chunk_size: 8M 	num_reg: 10  	lose cover RAM: 629G
[    0.000992]  gran_size: 512K 	chunk_size: 16M 	num_reg: 10  	lose cover RAM: 629G
[    0.000993]  gran_size: 512K 	chunk_size: 32M 	num_reg: 10  	lose cover RAM: 629G
[    0.000994]  gran_size: 512K 	chunk_size: 64M 	num_reg: 10  	lose cover RAM: 629G
[    0.000995]  gran_size: 512K 	chunk_size: 128M 	num_reg: 10  	lose cover RAM: 725G
[    0.000995]  gran_size: 512K 	chunk_size: 256M 	num_reg: 10  	lose cover RAM: 725G
[    0.000996]  gran_size: 512K 	chunk_size: 512M 	num_reg: 10  	lose cover RAM: 117G
[    0.000997]  gran_size: 512K 	chunk_size: 1G 	num_reg: 10  	lose cover RAM: 117G
[    0.000997]  gran_size: 512K 	chunk_size: 2G 	num_reg: 10  	lose cover RAM: 117G
[    0.000998]  gran_size: 1M 	chunk_size: 1M 	num_reg: 10  	lose cover RAM: 629G
[    0.000999]  gran_size: 1M 	chunk_size: 2M 	num_reg: 10  	lose cover RAM: 629G
[    0.000999]  gran_size: 1M 	chunk_size: 4M 	num_reg: 10  	lose cover RAM: 629G
[    0.001000]  gran_size: 1M 	chunk_size: 8M 	num_reg: 10  	lose cover RAM: 629G
[    0.001001]  gran_size: 1M 	chunk_size: 16M 	num_reg: 10  	lose cover RAM: 629G
[    0.001001]  gran_size: 1M 	chunk_size: 32M 	num_reg: 10  	lose cover RAM: 629G
[    0.001002]  gran_size: 1M 	chunk_size: 64M 	num_reg: 10  	lose cover RAM: 629G
[    0.001003]  gran_size: 1M 	chunk_size: 128M 	num_reg: 10  	lose cover RAM: 725G
[    0.001004]  gran_size: 1M 	chunk_size: 256M 	num_reg: 10  	lose cover RAM: 725G
[    0.001004]  gran_size: 1M 	chunk_size: 512M 	num_reg: 10  	lose cover RAM: 117G
[    0.001005]  gran_size: 1M 	chunk_size: 1G 	num_reg: 10  	lose cover RAM: 117G
[    0.001006]  gran_size: 1M 	chunk_size: 2G 	num_reg: 10  	lose cover RAM: 117G
[    0.001006]  gran_size: 2M 	chunk_size: 2M 	num_reg: 10  	lose cover RAM: 629G
[    0.001007]  gran_size: 2M 	chunk_size: 4M 	num_reg: 10  	lose cover RAM: 629G
[    0.001007]  gran_size: 2M 	chunk_size: 8M 	num_reg: 10  	lose cover RAM: 629G
[    0.001008]  gran_size: 2M 	chunk_size: 16M 	num_reg: 10  	lose cover RAM: 629G
[    0.001009]  gran_size: 2M 	chunk_size: 32M 	num_reg: 10  	lose cover RAM: 629G
[    0.001009]  gran_size: 2M 	chunk_size: 64M 	num_reg: 10  	lose cover RAM: 629G
[    0.001010]  gran_size: 2M 	chunk_size: 128M 	num_reg: 10  	lose cover RAM: 725G
[    0.001011]  gran_size: 2M 	chunk_size: 256M 	num_reg: 10  	lose cover RAM: 725G
[    0.001011]  gran_size: 2M 	chunk_size: 512M 	num_reg: 10  	lose cover RAM: 117G
[    0.001012]  gran_size: 2M 	chunk_size: 1G 	num_reg: 10  	lose cover RAM: 117G
[    0.001013]  gran_size: 2M 	chunk_size: 2G 	num_reg: 10  	lose cover RAM: 117G
[    0.001013]  gran_size: 4M 	chunk_size: 4M 	num_reg: 10  	lose cover RAM: 629G
[    0.001014]  gran_size: 4M 	chunk_size: 8M 	num_reg: 10  	lose cover RAM: 629G
[    0.001015]  gran_size: 4M 	chunk_size: 16M 	num_reg: 10  	lose cover RAM: 629G
[    0.001015]  gran_size: 4M 	chunk_size: 32M 	num_reg: 10  	lose cover RAM: 629G
[    0.001016]  gran_size: 4M 	chunk_size: 64M 	num_reg: 10  	lose cover RAM: 629G
[    0.001017]  gran_size: 4M 	chunk_size: 128M 	num_reg: 10  	lose cover RAM: 725G
[    0.001017]  gran_size: 4M 	chunk_size: 256M 	num_reg: 10  	lose cover RAM: 725G
[    0.001018]  gran_size: 4M 	chunk_size: 512M 	num_reg: 10  	lose cover RAM: 117G
[    0.001019]  gran_size: 4M 	chunk_size: 1G 	num_reg: 10  	lose cover RAM: 117G
[    0.001019]  gran_size: 4M 	chunk_size: 2G 	num_reg: 10  	lose cover RAM: 117G
[    0.001020]  gran_size: 8M 	chunk_size: 8M 	num_reg: 10  	lose cover RAM: 629G
[    0.001021]  gran_size: 8M 	chunk_size: 16M 	num_reg: 10  	lose cover RAM: 629G
[    0.001021]  gran_size: 8M 	chunk_size: 32M 	num_reg: 10  	lose cover RAM: 629G
[    0.001022]  gran_size: 8M 	chunk_size: 64M 	num_reg: 10  	lose cover RAM: 629G
[    0.001023]  gran_size: 8M 	chunk_size: 128M 	num_reg: 10  	lose cover RAM: 725G
[    0.001024]  gran_size: 8M 	chunk_size: 256M 	num_reg: 10  	lose cover RAM: 725G
[    0.001024]  gran_size: 8M 	chunk_size: 512M 	num_reg: 10  	lose cover RAM: 117G
[    0.001025]  gran_size: 8M 	chunk_size: 1G 	num_reg: 10  	lose cover RAM: 117G
[    0.001026]  gran_size: 8M 	chunk_size: 2G 	num_reg: 10  	lose cover RAM: 117G
[    0.001027]  gran_size: 16M 	chunk_size: 16M 	num_reg: 10  	lose cover RAM: 629G
[    0.001028]  gran_size: 16M 	chunk_size: 32M 	num_reg: 10  	lose cover RAM: 629G
[    0.001028]  gran_size: 16M 	chunk_size: 64M 	num_reg: 10  	lose cover RAM: 629G
[    0.001029]  gran_size: 16M 	chunk_size: 128M 	num_reg: 10  	lose cover RAM: 725G
[    0.001030]  gran_size: 16M 	chunk_size: 256M 	num_reg: 10  	lose cover RAM: 725G
[    0.001030]  gran_size: 16M 	chunk_size: 512M 	num_reg: 10  	lose cover RAM: 117G
[    0.001031]  gran_size: 16M 	chunk_size: 1G 	num_reg: 10  	lose cover RAM: 117G
[    0.001032]  gran_size: 16M 	chunk_size: 2G 	num_reg: 10  	lose cover RAM: 117G
[    0.001032]  gran_size: 32M 	chunk_size: 32M 	num_reg: 10  	lose cover RAM: 629G
[    0.001033]  gran_size: 32M 	chunk_size: 64M 	num_reg: 10  	lose cover RAM: 629G
[    0.001034]  gran_size: 32M 	chunk_size: 128M 	num_reg: 10  	lose cover RAM: 725G
[    0.001034]  gran_size: 32M 	chunk_size: 256M 	num_reg: 10  	lose cover RAM: 725G
[    0.001035]  gran_size: 32M 	chunk_size: 512M 	num_reg: 10  	lose cover RAM: 117G
[    0.001036]  gran_size: 32M 	chunk_size: 1G 	num_reg: 10  	lose cover RAM: 117G
[    0.001036]  gran_size: 32M 	chunk_size: 2G 	num_reg: 10  	lose cover RAM: 117G
[    0.001037]  gran_size: 64M 	chunk_size: 64M 	num_reg: 10  	lose cover RAM: 629G
[    0.001038]  gran_size: 64M 	chunk_size: 128M 	num_reg: 10  	lose cover RAM: 725G
[    0.001038]  gran_size: 64M 	chunk_size: 256M 	num_reg: 10  	lose cover RAM: 725G
[    0.001039]  gran_size: 64M 	chunk_size: 512M 	num_reg: 10  	lose cover RAM: 117G
[    0.001040]  gran_size: 64M 	chunk_size: 1G 	num_reg: 10  	lose cover RAM: 117G
[    0.001040]  gran_size: 64M 	chunk_size: 2G 	num_reg: 10  	lose cover RAM: 117G
[    0.001041]  gran_size: 128M 	chunk_size: 128M 	num_reg: 10  	lose cover RAM: 644160M
[    0.001042]  gran_size: 128M 	chunk_size: 256M 	num_reg: 10  	lose cover RAM: 644160M
[    0.001043]  gran_size: 128M 	chunk_size: 512M 	num_reg: 10  	lose cover RAM: 117G
[    0.001043]  gran_size: 128M 	chunk_size: 1G 	num_reg: 10  	lose cover RAM: 117G
[    0.001044]  gran_size: 128M 	chunk_size: 2G 	num_reg: 10  	lose cover RAM: 117G
[    0.001045]  gran_size: 256M 	chunk_size: 256M 	num_reg: 10  	lose cover RAM: 251072M
[    0.001045]  gran_size: 256M 	chunk_size: 512M 	num_reg: 10  	lose cover RAM: 117G
[    0.001046]  gran_size: 256M 	chunk_size: 1G 	num_reg: 10  	lose cover RAM: 117G
[    0.001047]  gran_size: 256M 	chunk_size: 2G 	num_reg: 10  	lose cover RAM: 117G
[    0.001047]  gran_size: 512M 	chunk_size: 512M 	num_reg: 10  	lose cover RAM: 120256M
[    0.001048]  gran_size: 512M 	chunk_size: 1G 	num_reg: 10  	lose cover RAM: 251136M
[    0.001049]  gran_size: 512M 	chunk_size: 2G 	num_reg: 10  	lose cover RAM: 251136M
[    0.001049]  gran_size: 1G 	chunk_size: 1G 	num_reg: 10  	lose cover RAM: 55232M
[    0.001050]  gran_size: 1G 	chunk_size: 2G 	num_reg: 10  	lose cover RAM: 513792M
[    0.001051]  gran_size: 2G 	chunk_size: 2G 	num_reg: 10  	lose cover RAM: 23488M
[    0.001051] mtrr_cleanup: can not find optimal value
[    0.001052] please specify mtrr_gran_size/mtrr_chunk_size
[    0.001055] e820: update [mem 0x70000000-0x73ffffff] usable ==> reserved
[    0.001056] e820: update [mem 0x80000000-0xffffffff] usable ==> reserved
[    0.001058] x2apic: enabled by BIOS, switching to x2apic ops
[    0.001059] last_pfn = 0x70000 max_arch_pfn = 0x400000000
[    0.007603] check: Scanning 1 areas for low memory corruption
[    0.007607] Using GB pages for direct mapping
[    0.008028] Secure boot disabled
[    0.008029] RAMDISK: [mem 0x2f570000-0x31df1fff]
[    0.008038] ACPI: Early table checksum verification disabled
[    0.008042] ACPI: RSDP 0x000000006FFFE014 000024 (v02 DELL  )
[    0.008045] ACPI: XSDT 0x000000006FC13188 00010C (v01 DELL   PE_SC3   00000000      01000013)
[    0.008050] ACPI: FACP 0x000000006FFF8000 000114 (v06 DELL   PE_SC3   00000000 DELL 00000001)
[    0.008055] ACPI: DSDT 0x000000006FCFA000 2ECF86 (v02 DELL   PE_SC3   00000003 DELL 00000001)
[    0.008057] ACPI: FACS 0x000000006EF6E000 000040
[    0.008059] ACPI: SSDT 0x000000006FFFC000 00046C (v02 INTEL  ADDRXLAT 00000001 INTL 20180508)
[    0.008061] ACPI: MCEJ 0x000000006FFFB000 000130 (v01 DELL   PE_SC3   00000002 DELL 00000001)
[    0.008063] ACPI: WD__ 0x000000006FFFA000 000134 (v01 DELL   PE_SC3   00000001 DELL 00000001)
[    0.008065] ACPI: SLIC 0x000000006FFF9000 000024 (v01 DELL   PE_SC3   00000001 DELL 00000001)
[    0.008067] ACPI: HMAT 0x000000006FFF7000 0000E0 (v01 DELL   PE_SC3   00000001 DELL 00000001)
[    0.008069] ACPI: HPET 0x000000006FFF6000 000038 (v01 DELL   PE_SC3   00000001 DELL 00000001)
[    0.008071] ACPI: APIC 0x000000006FFF4000 0016DE (v04 DELL   PE_SC3   00000000 DELL 00000001)
[    0.008073] ACPI: MCFG 0x000000006FFF3000 00003C (v01 DELL   PE_SC3   00000001 DELL 00000001)
[    0.008075] ACPI: MIGT 0x000000006FFF2000 000040 (v01 DELL   PE_SC3   00000000 DELL 00000001)
[    0.008077] ACPI: MSCT 0x000000006FFF1000 000090 (v01 DELL   PE_SC3   00000001 DELL 00000001)
[    0.008079] ACPI: PCAT 0x000000006FFF0000 000088 (v02 DELL   PE_SC3   00000002 DELL 00000001)
[    0.008081] ACPI: PCCT 0x000000006FFEF000 00006E (v01 DELL   PE_SC3   00000002 DELL 00000001)
[    0.008083] ACPI: PMTT 0x000000006FFEE000 000538 (v01 DELL   PE_SC3   00000001 DELL 00000001)
[    0.008085] ACPI: RASF 0x000000006FFED000 000030 (v01 DELL   PE_SC3   00000001 DELL 00000001)
[    0.008087] ACPI: SLIT 0x000000006FFEC000 00042C (v01 DELL   PE_SC3   00000001 DELL 00000001)
[    0.008089] ACPI: SRAT 0x000000006FFE9000 002D30 (v03 DELL   PE_SC3   00000002 DELL 00000001)
[    0.008091] ACPI: SVOS 0x000000006FFE8000 000032 (v01 DELL   PE_SC3   00000000 DELL 00000001)
[    0.008093] ACPI: WSMT 0x000000006FFE7000 000028 (v01 DELL   PE_SC3   00000000 DELL 00000001)
[    0.008095] ACPI: OEM4 0x000000006FC4C000 0AD1C1 (v02 INTEL  CPU  CST 00003000 INTL 20180508)
[    0.008097] ACPI: SSDT 0x000000006FC14000 037465 (v02 INTEL  SSDT  PM 00004000 INTL 20180508)
[    0.008099] ACPI: SSDT 0x000000006FC12000 000A1F (v02 DELL   PE_SC3   00000000 DELL 00000001)
[    0.008101] ACPI: SSDT 0x000000006FC0E000 00357F (v02 INTEL  SpsNm    00000002 INTL 20180508)
[    0.008103] ACPI: NFIT 0x000000006FFFD000 000430 (v01 DELL   PE_SC3   00000002 DELL 00000001)
[    0.008105] ACPI: DMAR 0x000000006FC0D000 0001B0 (v01 DELL   PE_SC3   00000001 DELL 00000001)
[    0.008107] ACPI: HEST 0x000000006FC0C000 00017C (v01 DELL   PE_SC3   00000002 DELL 00000001)
[    0.008109] ACPI: BERT 0x000000006FC0B000 000030 (v01 DELL   PE_SC3   00000002 DELL 00000001)
[    0.008111] ACPI: ERST 0x000000006FC0A000 000230 (v01 DELL   PE_SC3   00000002 DELL 00000001)
[    0.008113] ACPI: EINJ 0x000000006FC09000 000150 (v01 DELL   PE_SC3   00000002 DELL 00000001)
[    0.008121] ACPI: Local APIC address 0xfee00000
[    0.008124] Setting APIC routing to cluster x2apic.
[    0.008204] SRAT: PXM 0 -> APIC 0x0000 -> Node 0
[    0.008204] SRAT: PXM 1 -> APIC 0x0040 -> Node 1
[    0.008205] SRAT: PXM 0 -> APIC 0x0008 -> Node 0
[    0.008205] SRAT: PXM 1 -> APIC 0x0048 -> Node 1
[    0.008206] SRAT: PXM 0 -> APIC 0x0002 -> Node 0
[    0.008206] SRAT: PXM 1 -> APIC 0x0042 -> Node 1
[    0.008206] SRAT: PXM 0 -> APIC 0x0006 -> Node 0
[    0.008207] SRAT: PXM 1 -> APIC 0x0046 -> Node 1
[    0.008207] SRAT: PXM 0 -> APIC 0x0004 -> Node 0
[    0.008208] SRAT: PXM 1 -> APIC 0x0044 -> Node 1
[    0.008208] SRAT: PXM 0 -> APIC 0x0018 -> Node 0
[    0.008209] SRAT: PXM 1 -> APIC 0x0058 -> Node 1
[    0.008209] SRAT: PXM 0 -> APIC 0x0010 -> Node 0
[    0.008210] SRAT: PXM 1 -> APIC 0x0050 -> Node 1
[    0.008210] SRAT: PXM 0 -> APIC 0x0016 -> Node 0
[    0.008210] SRAT: PXM 1 -> APIC 0x0056 -> Node 1
[    0.008211] SRAT: PXM 0 -> APIC 0x0012 -> Node 0
[    0.008212] SRAT: PXM 1 -> APIC 0x0052 -> Node 1
[    0.008212] SRAT: PXM 0 -> APIC 0x0014 -> Node 0
[    0.008213] SRAT: PXM 1 -> APIC 0x0054 -> Node 1
[    0.008213] SRAT: PXM 0 -> APIC 0x0020 -> Node 0
[    0.008214] SRAT: PXM 1 -> APIC 0x0060 -> Node 1
[    0.008214] SRAT: PXM 0 -> APIC 0x0028 -> Node 0
[    0.008214] SRAT: PXM 1 -> APIC 0x0068 -> Node 1
[    0.008215] SRAT: PXM 0 -> APIC 0x0022 -> Node 0
[    0.008215] SRAT: PXM 1 -> APIC 0x0062 -> Node 1
[    0.008216] SRAT: PXM 0 -> APIC 0x0026 -> Node 0
[    0.008216] SRAT: PXM 1 -> APIC 0x0066 -> Node 1
[    0.008217] SRAT: PXM 0 -> APIC 0x0024 -> Node 0
[    0.008217] SRAT: PXM 1 -> APIC 0x0064 -> Node 1
[    0.008217] SRAT: PXM 0 -> APIC 0x0038 -> Node 0
[    0.008218] SRAT: PXM 1 -> APIC 0x0078 -> Node 1
[    0.008218] SRAT: PXM 0 -> APIC 0x0030 -> Node 0
[    0.008219] SRAT: PXM 1 -> APIC 0x0070 -> Node 1
[    0.008219] SRAT: PXM 0 -> APIC 0x0036 -> Node 0
[    0.008220] SRAT: PXM 1 -> APIC 0x0076 -> Node 1
[    0.008220] SRAT: PXM 0 -> APIC 0x0032 -> Node 0
[    0.008220] SRAT: PXM 1 -> APIC 0x0072 -> Node 1
[    0.008221] SRAT: PXM 0 -> APIC 0x0034 -> Node 0
[    0.008221] SRAT: PXM 1 -> APIC 0x0074 -> Node 1
[    0.008222] SRAT: PXM 0 -> APIC 0x0001 -> Node 0
[    0.008222] SRAT: PXM 1 -> APIC 0x0041 -> Node 1
[    0.008222] SRAT: PXM 0 -> APIC 0x0009 -> Node 0
[    0.008223] SRAT: PXM 1 -> APIC 0x0049 -> Node 1
[    0.008223] SRAT: PXM 0 -> APIC 0x0003 -> Node 0
[    0.008224] SRAT: PXM 1 -> APIC 0x0043 -> Node 1
[    0.008224] SRAT: PXM 0 -> APIC 0x0007 -> Node 0
[    0.008225] SRAT: PXM 1 -> APIC 0x0047 -> Node 1
[    0.008225] SRAT: PXM 0 -> APIC 0x0005 -> Node 0
[    0.008225] SRAT: PXM 1 -> APIC 0x0045 -> Node 1
[    0.008226] SRAT: PXM 0 -> APIC 0x0019 -> Node 0
[    0.008226] SRAT: PXM 1 -> APIC 0x0059 -> Node 1
[    0.008227] SRAT: PXM 0 -> APIC 0x0011 -> Node 0
[    0.008227] SRAT: PXM 1 -> APIC 0x0051 -> Node 1
[    0.008227] SRAT: PXM 0 -> APIC 0x0017 -> Node 0
[    0.008228] SRAT: PXM 1 -> APIC 0x0057 -> Node 1
[    0.008228] SRAT: PXM 0 -> APIC 0x0013 -> Node 0
[    0.008229] SRAT: PXM 1 -> APIC 0x0053 -> Node 1
[    0.008229] SRAT: PXM 0 -> APIC 0x0015 -> Node 0
[    0.008230] SRAT: PXM 1 -> APIC 0x0055 -> Node 1
[    0.008230] SRAT: PXM 0 -> APIC 0x0021 -> Node 0
[    0.008230] SRAT: PXM 1 -> APIC 0x0061 -> Node 1
[    0.008231] SRAT: PXM 0 -> APIC 0x0029 -> Node 0
[    0.008231] SRAT: PXM 1 -> APIC 0x0069 -> Node 1
[    0.008232] SRAT: PXM 0 -> APIC 0x0023 -> Node 0
[    0.008232] SRAT: PXM 1 -> APIC 0x0063 -> Node 1
[    0.008232] SRAT: PXM 0 -> APIC 0x0027 -> Node 0
[    0.008233] SRAT: PXM 1 -> APIC 0x0067 -> Node 1
[    0.008233] SRAT: PXM 0 -> APIC 0x0025 -> Node 0
[    0.008234] SRAT: PXM 1 -> APIC 0x0065 -> Node 1
[    0.008234] SRAT: PXM 0 -> APIC 0x0039 -> Node 0
[    0.008235] SRAT: PXM 1 -> APIC 0x0079 -> Node 1
[    0.008235] SRAT: PXM 0 -> APIC 0x0031 -> Node 0
[    0.008235] SRAT: PXM 1 -> APIC 0x0071 -> Node 1
[    0.008236] SRAT: PXM 0 -> APIC 0x0037 -> Node 0
[    0.008236] SRAT: PXM 1 -> APIC 0x0077 -> Node 1
[    0.008237] SRAT: PXM 0 -> APIC 0x0033 -> Node 0
[    0.008237] SRAT: PXM 1 -> APIC 0x0073 -> Node 1
[    0.008237] SRAT: PXM 0 -> APIC 0x0035 -> Node 0
[    0.008238] SRAT: PXM 1 -> APIC 0x0075 -> Node 1
[    0.008244] ACPI: SRAT: Node 0 PXM 0 [mem 0x00000000-0x7fffffff]
[    0.008245] ACPI: SRAT: Node 0 PXM 0 [mem 0x100000000-0x5ebfffffff]
[    0.008246] ACPI: SRAT: Node 1 PXM 1 [mem 0x5ec0000000-0xbd3fffffff]
[    0.008253] NUMA: Initialized distance table, cnt=2
[    0.008256] NUMA: Node 0 [mem 0x00000000-0x7fffffff] + [mem 0x100000000-0x5ebfffffff] -> [mem 0x00000000-0x5ebfffffff]
[    0.008264] NODE_DATA(0) allocated [mem 0x5ebffd5000-0x5ebfffffff]
[    0.008366] NODE_DATA(1) allocated [mem 0xbd3ffd4000-0xbd3fffefff]
[    0.009461] Zone ranges:
[    0.009462]   DMA      [mem 0x0000000000001000-0x0000000000ffffff]
[    0.009463]   DMA32    [mem 0x0000000001000000-0x00000000ffffffff]
[    0.009464]   Normal   [mem 0x0000000100000000-0x000000bd3fffffff]
[    0.009465]   Device   empty
[    0.009466] Movable zone start for each node
[    0.009468] Early memory node ranges
[    0.009469]   node   0: [mem 0x0000000000001000-0x000000000009ffff]
[    0.009470]   node   0: [mem 0x0000000000100000-0x0000000050263fff]
[    0.009471]   node   0: [mem 0x00000000503e6000-0x00000000682fefff]
[    0.009471]   node   0: [mem 0x000000006ffff000-0x000000006fffffff]
[    0.009472]   node   0: [mem 0x0000000100000000-0x0000005ebfffffff]
[    0.009495]   node   1: [mem 0x0000005ec0000000-0x000000bd3fffffff]
[    0.010421] Zeroed struct page in unavailable ranges: 32483 pages
[    0.010423] Initmem setup node 0 [mem 0x0000000000001000-0x0000005ebfffffff]
[    0.010424] On node 0 totalpages: 98730269
[    0.010425]   DMA zone: 64 pages used for memmap
[    0.010426]   DMA zone: 1094 pages reserved
[    0.010426]   DMA zone: 3999 pages, LIFO batch:0
[    0.010558]   DMA32 zone: 6598 pages used for memmap
[    0.010558]   DMA32 zone: 422270 pages, LIFO batch:63
[    0.026352]   Normal zone: 1536000 pages used for memmap
[    0.026352]   Normal zone: 98304000 pages, LIFO batch:63
[    3.216339] Initmem setup node 1 [mem 0x0000005ec0000000-0x000000bd3fffffff]
[    3.216340] On node 1 totalpages: 99090432
[    3.216341]   Normal zone: 1548288 pages used for memmap
[    3.216341]   Normal zone: 99090432 pages, LIFO batch:63
[    6.668774] ACPI: PM-Timer IO Port: 0x508
[    6.668776] ACPI: Local APIC address 0xfee00000
[    6.668798] ACPI: X2APIC_NMI (uid[0xffffffff] high level lint[0x1])
[    6.668801] ACPI: LAPIC_NMI (acpi_id[0xff] high level lint[0x1])
[    6.668821] IOAPIC[0]: apic_id 8, version 32, address 0xfec00000, GSI 0-23
[    6.668825] IOAPIC[1]: apic_id 9, version 32, address 0xfec01000, GSI 24-31
[    6.668829] IOAPIC[2]: apic_id 10, version 32, address 0xfec08000, GSI 32-39
[    6.668832] IOAPIC[3]: apic_id 11, version 32, address 0xfec10000, GSI 40-47
[    6.668836] IOAPIC[4]: apic_id 12, version 32, address 0xfec18000, GSI 48-55
[    6.668840] IOAPIC[5]: apic_id 15, version 32, address 0xfec20000, GSI 72-79
[    6.668844] IOAPIC[6]: apic_id 16, version 32, address 0xfec28000, GSI 80-87
[    6.668848] IOAPIC[7]: apic_id 17, version 32, address 0xfec30000, GSI 88-95
[    6.668853] IOAPIC[8]: apic_id 18, version 32, address 0xfec38000, GSI 96-103
[    6.668857] ACPI: INT_SRC_OVR (bus 0 bus_irq 0 global_irq 2 dfl dfl)
[    6.668858] ACPI: INT_SRC_OVR (bus 0 bus_irq 9 global_irq 9 high level)
[    6.668861] ACPI: IRQ0 used by override.
[    6.668862] ACPI: IRQ9 used by override.
[    6.668866] Using ACPI (MADT) for SMP configuration information
[    6.668867] ACPI: HPET id: 0x8086a701 base: 0xfed00000
[    6.668871] TSC deadline timer available
[    6.668872] smpboot: Allowing 80 CPUs, 0 hotplug CPUs
[    6.668896] PM: Registered nosave memory: [mem 0x00000000-0x00000fff]
[    6.668897] PM: Registered nosave memory: [mem 0x000a0000-0x000fffff]
[    6.668898] PM: Registered nosave memory: [mem 0x4faf2000-0x4faf2fff]
[    6.668900] PM: Registered nosave memory: [mem 0x4fb26000-0x4fb26fff]
[    6.668900] PM: Registered nosave memory: [mem 0x4fb27000-0x4fb27fff]
[    6.668901] PM: Registered nosave memory: [mem 0x4fb5b000-0x4fb5bfff]
[    6.668902] PM: Registered nosave memory: [mem 0x4fb5c000-0x4fb5cfff]
[    6.668903] PM: Registered nosave memory: [mem 0x4fb75000-0x4fb75fff]
[    6.668903] PM: Registered nosave memory: [mem 0x4fb76000-0x4fb76fff]
[    6.668905] PM: Registered nosave memory: [mem 0x4fba5000-0x4fba5fff]
[    6.668906] PM: Registered nosave memory: [mem 0x4fba6000-0x4fba6fff]
[    6.668907] PM: Registered nosave memory: [mem 0x4fbd5000-0x4fbd5fff]
[    6.668907] PM: Registered nosave memory: [mem 0x4fbd6000-0x4fbd6fff]
[    6.668909] PM: Registered nosave memory: [mem 0x4fbee000-0x4fbeefff]
[    6.668910] PM: Registered nosave memory: [mem 0x4fbef000-0x4fbeffff]
[    6.668911] PM: Registered nosave memory: [mem 0x4fbf7000-0x4fbf7fff]
[    6.668911] PM: Registered nosave memory: [mem 0x4fbf8000-0x4fbf8fff]
[    6.668913] PM: Registered nosave memory: [mem 0x4fc29000-0x4fc29fff]
[    6.668914] PM: Registered nosave memory: [mem 0x4fc2a000-0x4fc2afff]
[    6.668915] PM: Registered nosave memory: [mem 0x4fc5b000-0x4fc5bfff]
[    6.668917] PM: Registered nosave memory: [mem 0x50264000-0x503e5fff]
[    6.668918] PM: Registered nosave memory: [mem 0x682ff000-0x6ebfefff]
[    6.668919] PM: Registered nosave memory: [mem 0x6ebff000-0x6f9fefff]
[    6.668919] PM: Registered nosave memory: [mem 0x6f9ff000-0x6fffefff]
[    6.668921] PM: Registered nosave memory: [mem 0x70000000-0x8fffffff]
[    6.668922] PM: Registered nosave memory: [mem 0x90000000-0xfdffffff]
[    6.668922] PM: Registered nosave memory: [mem 0xfe000000-0xfe010fff]
[    6.668923] PM: Registered nosave memory: [mem 0xfe011000-0xffffffff]
[    6.668925] [mem 0x90000000-0xfdffffff] available for PCI devices
[    6.668926] Booting paravirtualized kernel on bare hardware
[    6.668930] clocksource: refined-jiffies: mask: 0xffffffff max_cycles: 0xffffffff, max_idle_ns: 7645519600211568 ns
[    6.668938] setup_percpu: NR_CPUS:8192 nr_cpumask_bits:80 nr_cpu_ids:80 nr_node_ids:2
[    6.684095] percpu: Embedded 54 pages/cpu s184320 r8192 d28672 u262144
[    6.684107] pcpu-alloc: s184320 r8192 d28672 u262144 alloc=1*2097152
[    6.684108] pcpu-alloc: [0] 00 02 04 06 08 10 12 14 [0] 16 18 20 22 24 26 28 30 
[    6.684111] pcpu-alloc: [0] 32 34 36 38 40 42 44 46 [0] 48 50 52 54 56 58 60 62 
[    6.684114] pcpu-alloc: [0] 64 66 68 70 72 74 76 78 [1] 01 03 05 07 09 11 13 15 
[    6.684117] pcpu-alloc: [1] 17 19 21 23 25 27 29 31 [1] 33 35 37 39 41 43 45 47 
[    6.684120] pcpu-alloc: [1] 49 51 53 55 57 59 61 63 [1] 65 67 69 71 73 75 77 79 
[    6.684169] Built 2 zonelists, mobility grouping on.  Total pages: 194728657
[    6.684169] Policy zone: Normal
[    6.684171] Kernel command line: BOOT_IMAGE=/boot/vmlinuz-5.4.53-050453-generic root=UUID=dbbcdeef-155d-426c-8e00-e8e7cb408150 ro quiet splash iommu=pt intel_iommu=on default_hugepagesz=2M hugepagesz=1G hugepages=16 hugepagesz=2M hugepages=4096 vt.handoff=1
[    6.684283] DMAR: IOMMU enabled
[    6.684419] printk: log_buf_len individual max cpu contribution: 4096 bytes
[    6.684420] printk: log_buf_len total cpu_extra contributions: 323584 bytes
[    6.684421] printk: log_buf_len min size: 262144 bytes
[    6.685192] printk: log_buf_len: 1048576 bytes
[    6.685193] printk: early log buf free: 226244(86%)
[    6.685861] mem auto-init: stack:off, heap alloc:on, heap free:off
[    6.696241] Calgary: detecting Calgary via BIOS EBDA area
[    6.696242] Calgary: Unable to locate Rio Grande table in EBDA - bailing!
[    8.412702] Memory: 761873400K/791282804K available (14339K kernel code, 2396K rwdata, 4932K rodata, 2704K init, 5000K bss, 29409404K reserved, 0K cma-reserved)
[    8.412712] random: get_random_u64 called from kmem_cache_open+0x2d/0x410 with crng_init=0
[    8.413858] SLUB: HWalign=64, Order=0-3, MinObjects=0, CPUs=80, Nodes=2
[    8.413915] ftrace: allocating 44445 entries in 174 pages
[    8.432547] rcu: Hierarchical RCU implementation.
[    8.432549] rcu: 	RCU restricting CPUs from NR_CPUS=8192 to nr_cpu_ids=80.
[    8.432550] 	Tasks RCU enabled.
[    8.432550] rcu: RCU calculated value of scheduler-enlistment delay is 25 jiffies.
[    8.432551] rcu: Adjusting geometry for rcu_fanout_leaf=16, nr_cpu_ids=80
[    8.435154] NR_IRQS: 524544, nr_irqs: 2424, preallocated irqs: 16
[    8.435657] random: crng done (trusting CPU's manufacturer)
[    8.435849] Console: colour dummy device 80x25
[    8.435864] printk: console [tty0] enabled
[    8.436058] mempolicy: Enabling automatic NUMA balancing. Configure with numa_balancing= or the kernel.numa_balancing sysctl
[    8.436061] ACPI: Core revision 20190816
[    8.438828] clocksource: hpet: mask: 0xffffffff max_cycles: 0xffffffff, max_idle_ns: 79635855245 ns
[    8.438876] APIC: Switch to symmetric I/O mode setup
[    8.438879] DMAR: Host address width 46
[    8.438880] DMAR: DRHD base: 0x000000d37fc000 flags: 0x0
[    8.438891] DMAR: dmar0: reg_base_addr d37fc000 ver 1:0 cap 8d2078c106f0466 ecap f020df
[    8.438892] DMAR: DRHD base: 0x000000e0ffc000 flags: 0x0
[    8.438896] DMAR: dmar1: reg_base_addr e0ffc000 ver 1:0 cap 8d2078c106f0466 ecap f020df
[    8.438897] DMAR: DRHD base: 0x000000ee7fc000 flags: 0x0
[    8.438900] DMAR: dmar2: reg_base_addr ee7fc000 ver 1:0 cap 8d2078c106f0466 ecap f020df
[    8.438901] DMAR: DRHD base: 0x000000fbffc000 flags: 0x0
[    8.438904] DMAR: dmar3: reg_base_addr fbffc000 ver 1:0 cap 8d2078c106f0466 ecap f020df
[    8.438905] DMAR: DRHD base: 0x000000aaffc000 flags: 0x0
[    8.438908] DMAR: dmar4: reg_base_addr aaffc000 ver 1:0 cap 8d2078c106f0466 ecap f020df
[    8.438908] DMAR: DRHD base: 0x000000b87fc000 flags: 0x0
[    8.438911] DMAR: dmar5: reg_base_addr b87fc000 ver 1:0 cap 8d2078c106f0466 ecap f020df
[    8.438912] DMAR: DRHD base: 0x000000c5ffc000 flags: 0x0
[    8.438917] DMAR: dmar6: reg_base_addr c5ffc000 ver 1:0 cap 8d2078c106f0466 ecap f020df
[    8.438918] DMAR: DRHD base: 0x0000009d7fc000 flags: 0x1
[    8.438925] DMAR: dmar7: reg_base_addr 9d7fc000 ver 1:0 cap 8d2078c106f0466 ecap f020df
[    8.438926] DMAR: RMRR base: 0x0000006ef60000 end: 0x0000006ef62fff
[    8.438927] DMAR: ATSR flags: 0x0
[    8.438928] DMAR: ATSR flags: 0x0
[    8.438930] DMAR-IR: IOAPIC id 12 under DRHD base  0xc5ffc000 IOMMU 6
[    8.438931] DMAR-IR: IOAPIC id 11 under DRHD base  0xb87fc000 IOMMU 5
[    8.438931] DMAR-IR: IOAPIC id 10 under DRHD base  0xaaffc000 IOMMU 4
[    8.438932] DMAR-IR: IOAPIC id 18 under DRHD base  0xfbffc000 IOMMU 3
[    8.438932] DMAR-IR: IOAPIC id 17 under DRHD base  0xee7fc000 IOMMU 2
[    8.438933] DMAR-IR: IOAPIC id 16 under DRHD base  0xe0ffc000 IOMMU 1
[    8.438934] DMAR-IR: IOAPIC id 15 under DRHD base  0xd37fc000 IOMMU 0
[    8.438934] DMAR-IR: IOAPIC id 8 under DRHD base  0x9d7fc000 IOMMU 7
[    8.438935] DMAR-IR: IOAPIC id 9 under DRHD base  0x9d7fc000 IOMMU 7
[    8.438935] DMAR-IR: HPET id 0 under DRHD base 0x9d7fc000
[    8.438936] DMAR-IR: Queued invalidation will be enabled to support x2apic and Intr-remapping.
[    8.444300] DMAR-IR: Enabled IRQ remapping in x2apic mode
[    8.445466] ..TIMER: vector=0x30 apic1=0 pin1=2 apic2=-1 pin2=-1
[    8.462808] clocksource: tsc-early: mask: 0xffffffffffffffff max_cycles: 0x240939f1bb2, max_idle_ns: 440795263295 ns
[    8.462812] Calibrating delay loop (skipped), value calculated using timer frequency.. 5000.00 BogoMIPS (lpj=10000000)
[    8.462814] pid_max: default: 81920 minimum: 640
[    8.467093] LSM: Security Framework initializing
[    8.467132] Yama: becoming mindful.
[    8.467834] AppArmor: AppArmor initialized
[    8.596544] Dentry cache hash table entries: 33554432 (order: 16, 268435456 bytes, vmalloc)
[    8.659760] Inode-cache hash table entries: 16777216 (order: 15, 134217728 bytes, vmalloc)
[    8.661884] Mount-cache hash table entries: 524288 (order: 10, 4194304 bytes, vmalloc)
[    8.663859] Mountpoint-cache hash table entries: 524288 (order: 10, 4194304 bytes, vmalloc)
[    8.663947] *** VALIDATE tmpfs ***
[    8.664371] *** VALIDATE proc ***
[    8.664631] *** VALIDATE cgroup1 ***
[    8.664632] *** VALIDATE cgroup2 ***
[    8.664760] mce: CPU0: Thermal monitoring enabled (TM1)
[    8.664788] process: using mwait in idle threads
[    8.664790] Last level iTLB entries: 4KB 64, 2MB 8, 4MB 8
[    8.664791] Last level dTLB entries: 4KB 64, 2MB 0, 4MB 0, 1GB 4
[    8.664795] Spectre V1 : Mitigation: usercopy/swapgs barriers and __user pointer sanitization
[    8.664797] Spectre V2 : Mitigation: Enhanced IBRS
[    8.664797] Spectre V2 : Spectre v2 / SpectreRSB mitigation: Filling RSB on context switch
[    8.664799] Spectre V2 : mitigation: Enabling conditional Indirect Branch Prediction Barrier
[    8.664800] Speculative Store Bypass: Mitigation: Speculative Store Bypass disabled via prctl and seccomp
[    8.664800] TAA: Mitigation: TSX disabled
[    8.665106] Freeing SMP alternatives memory: 40K
[    8.671123] smpboot: CPU0: Intel(R) Xeon(R) Gold 6248 CPU @ 2.50GHz (family: 0x6, model: 0x55, stepping: 0x7)
[    8.671476] Performance Events: PEBS fmt3+, Skylake events, 32-deep LBR, full-width counters, Intel PMU driver.
[    8.671483] ... version:                4
[    8.671483] ... bit width:              48
[    8.671483] ... generic registers:      4
[    8.671484] ... value mask:             0000ffffffffffff
[    8.671484] ... max period:             00007fffffffffff
[    8.671485] ... fixed-purpose events:   3
[    8.671485] ... event mask:             000000070000000f
[    8.671584] rcu: Hierarchical SRCU implementation.
[    8.684922] NMI watchdog: Enabled. Permanently consumes one hw-PMU counter.
[    8.686975] smp: Bringing up secondary CPUs ...
[    8.687278] x86: Booting SMP configuration:
[    8.687280] .... node  #1, CPUs:        #1
[    0.003212] smpboot: CPU 1 Converting physical 0 to logical die 1
[    8.791058] .... node  #0, CPUs:    #2
[    8.806278] .... node  #1, CPUs:    #3
[    8.823073] .... node  #0, CPUs:    #4
[    8.835980] .... node  #1, CPUs:    #5
[    8.852700] .... node  #0, CPUs:    #6
[    8.865328] .... node  #1, CPUs:    #7
[    8.881883] .... node  #0, CPUs:    #8
[    8.897013] .... node  #1, CPUs:    #9
[    8.913584] .... node  #0, CPUs:   #10
[    8.927133] .... node  #1, CPUs:   #11
[    8.943556] .... node  #0, CPUs:   #12
[    8.959104] .... node  #1, CPUs:   #13
[    8.973595] .... node  #0, CPUs:   #14
[    8.988705] .... node  #1, CPUs:   #15
[    9.003056] .... node  #0, CPUs:   #16
[    9.018018] .... node  #1, CPUs:   #17
[    9.034830] .... node  #0, CPUs:   #18
[    9.047611] .... node  #1, CPUs:   #19
[    9.064179] .... node  #0, CPUs:   #20
[    9.079404] .... node  #1, CPUs:   #21
[    9.093901] .... node  #0, CPUs:   #22
[    9.109310] .... node  #1, CPUs:   #23
[    9.126205] .... node  #0, CPUs:   #24
[    9.140817] .... node  #1, CPUs:   #25
[    9.155882] .... node  #0, CPUs:   #26
[    9.169352] .... node  #1, CPUs:   #27
[    9.186173] .... node  #0, CPUs:   #28
[    9.199998] .... node  #1, CPUs:   #29
[    9.215092] .... node  #0, CPUs:   #30
[    9.230088] .... node  #1, CPUs:   #31
[    9.247076] .... node  #0, CPUs:   #32
[    9.261032] .... node  #1, CPUs:   #33
[    9.276028] .... node  #0, CPUs:   #34
[    9.289419] .... node  #1, CPUs:   #35
[    9.306160] .... node  #0, CPUs:   #36
[    9.321248] .... node  #1, CPUs:   #37
[    9.335663] .... node  #0, CPUs:   #38
[    9.351129] .... node  #1, CPUs:   #39
[    9.367572] .... node  #0, CPUs:   #40
[    9.369191] .... node  #1, CPUs:   #41
[    9.375172] .... node  #0, CPUs:   #42
[    9.379146] .... node  #1, CPUs:   #43
[    9.383444] .... node  #0, CPUs:   #44
[    9.387815] .... node  #1, CPUs:   #45
[    9.392238] .... node  #0, CPUs:   #46
[    9.396446] .... node  #1, CPUs:   #47
[    9.400766] .... node  #0, CPUs:   #48
[    9.405004] .... node  #1, CPUs:   #49
[    9.409328] .... node  #0, CPUs:   #50
[    9.413679] .... node  #1, CPUs:   #51
[    9.418109] .... node  #0, CPUs:   #52
[    9.423066] .... node  #1, CPUs:   #53
[    9.427039] .... node  #0, CPUs:   #54
[    9.431258] .... node  #1, CPUs:   #55
[    9.435672] .... node  #0, CPUs:   #56
[    9.439875] .... node  #1, CPUs:   #57
[    9.444212] .... node  #0, CPUs:   #58
[    9.448430] .... node  #1, CPUs:   #59
[    9.452760] .... node  #0, CPUs:   #60
[    9.457232] .... node  #1, CPUs:   #61
[    9.461665] .... node  #0, CPUs:   #62
[    9.466034] .... node  #1, CPUs:   #63
[    9.471149] .... node  #0, CPUs:   #64
[    9.475180] .... node  #1, CPUs:   #65
[    9.479299] .... node  #0, CPUs:   #66
[    9.483652] .... node  #1, CPUs:   #67
[    9.488073] .... node  #0, CPUs:   #68
[    9.492506] .... node  #1, CPUs:   #69
[    9.496893] .... node  #0, CPUs:   #70
[    9.501307] .... node  #1, CPUs:   #71
[    9.505801] .... node  #0, CPUs:   #72
[    9.510147] .... node  #1, CPUs:   #73
[    9.515045] .... node  #0, CPUs:   #74
[    9.519187] .... node  #1, CPUs:   #75
[    9.523326] .... node  #0, CPUs:   #76
[    9.527712] .... node  #1, CPUs:   #77
[    9.532042] .... node  #0, CPUs:   #78
[    9.536327] .... node  #1, CPUs:   #79
[    9.540698] smp: Brought up 2 nodes, 80 CPUs
[    9.540698] smpboot: Max logical packages: 2
[    9.540698] smpboot: Total of 80 processors activated (400060.62 BogoMIPS)
[    9.570847] devtmpfs: initialized
[    9.570864] x86/mm: Memory block size: 1024MB
[    9.589152] PM: Registering ACPI NVS region [mem 0x6ebff000-0x6f9fefff] (14680064 bytes)
[    9.589152] clocksource: jiffies: mask: 0xffffffff max_cycles: 0xffffffff, max_idle_ns: 7645041785100000 ns
[    9.591822] futex hash table entries: 32768 (order: 9, 2097152 bytes, vmalloc)
[    9.592503] pinctrl core: initialized pinctrl subsystem
[    9.592645] PM: RTC time: 04:50:22, date: 2021-02-24
[    9.592970] NET: Registered protocol family 16
[    9.593109] audit: initializing netlink subsys (disabled)
[    9.593115] audit: type=2000 audit(1614142221.156:1): state=initialized audit_enabled=0 res=1
[    9.593115] EISA bus registered
[    9.593115] cpuidle: using governor ladder
[    9.593115] cpuidle: using governor menu
[    9.593115] Detected 1 PCC Subspaces
[    9.593115] Registering PCC driver as Mailbox controller
[    9.593115] ACPI FADT declares the system doesn't support PCIe ASPM, so disable it
[    9.593115] ACPI: bus type PCI registered
[    9.593115] acpiphp: ACPI Hot Plug PCI Controller Driver version: 0.5
[    9.593115] PCI: MMCONFIG for domain 0000 [bus 00-ff] at [mem 0x80000000-0x8fffffff] (base 0x80000000)
[    9.593115] PCI: MMCONFIG at [mem 0x80000000-0x8fffffff] reserved in E820
[    9.593115] pmd_set_huge: Cannot satisfy [mem 0x80000000-0x80200000] with a huge-page mapping due to MTRR override.
[    9.593115] PCI: Using configuration type 1 for base access
[    9.593115] PCI: Dell System detected, enabling pci=bfsort.
[   16.232626] HugeTLB registered 1.00 GiB page size, pre-allocated 16 pages
[   16.232628] HugeTLB registered 2.00 MiB page size, pre-allocated 4096 pages
[   16.239242] ACPI: Added _OSI(Module Device)
[   16.239242] ACPI: Added _OSI(Processor Device)
[   16.239243] ACPI: Added _OSI(3.0 _SCP Extensions)
[   16.239243] ACPI: Added _OSI(Processor Aggregator Device)
[   16.239244] ACPI: Added _OSI(Linux-Dell-Video)
[   16.239245] ACPI: Added _OSI(Linux-Lenovo-NV-HDMI-Audio)
[   16.239246] ACPI: Added _OSI(Linux-HPI-Hybrid-Graphics)
[   16.327760] ACPI: 5 ACPI AML tables successfully acquired and loaded
[   16.335534] ACPI: [Firmware Bug]: BIOS _OSI(Linux) query ignored
[   16.342841] ACPI: Dynamic OEM Table Load:
[   16.536385] ACPI: Interpreter enabled
[   16.536406] ACPI: (supports S0 S5)
[   16.536407] ACPI: Using IOAPIC for interrupt routing
[   16.536650] HEST: Table parsing has been initialized.
[   16.536653] PCI: Using host bridge windows from ACPI; if necessary, use "pci=nocrs" and report a bug
[   16.537794] ACPI: Enabled 5 GPEs in block 00 to 7F
[   16.604768] ACPI: PCI Root Bridge [PC00] (domain 0000 [bus 00-16])
[   16.604774] acpi PNP0A08:00: _OSC: OS supports [ExtendedConfig ASPM ClockPM Segments MSI HPX-Type3]
[   16.604824] acpi PNP0A08:00: PCIe AER handled by firmware
[   16.604874] acpi PNP0A08:00: _OSC: platform does not support [SHPCHotplug LTR]
[   16.604964] acpi PNP0A08:00: _OSC: OS now controls [PCIeHotplug PME PCIeCapability]
[   16.604964] acpi PNP0A08:00: FADT indicates ASPM is unsupported, using BIOS configuration
[   16.606597] PCI host bridge to bus 0000:00
[   16.606599] pci_bus 0000:00: root bus resource [io  0x0000-0x0cf7 window]
[   16.606600] pci_bus 0000:00: root bus resource [io  0x1000-0x3fff window]
[   16.606601] pci_bus 0000:00: root bus resource [mem 0x000a0000-0x000bffff window]
[   16.606602] pci_bus 0000:00: root bus resource [mem 0x000c4000-0x000c7fff window]
[   16.606602] pci_bus 0000:00: root bus resource [mem 0xfe010000-0xfe010fff window]
[   16.606603] pci_bus 0000:00: root bus resource [mem 0x90000000-0x9d7fffff window]
[   16.606604] pci_bus 0000:00: root bus resource [mem 0x380000000000-0x380fffffffff window]
[   16.606606] pci_bus 0000:00: root bus resource [bus 00-16]
[   16.606615] pci 0000:00:00.0: [8086:2020] type 00 class 0x060000
[   16.607338] pci 0000:00:05.0: [8086:2024] type 00 class 0x088000
[   16.608015] pci 0000:00:05.2: [8086:2025] type 00 class 0x088000
[   16.608683] pci 0000:00:05.4: [8086:2026] type 00 class 0x080020
[   16.608691] pci 0000:00:05.4: reg 0x10: [mem 0x92b20000-0x92b20fff]
[   16.609353] pci 0000:00:08.0: [8086:2014] type 00 class 0x088000
[   16.610014] pci 0000:00:08.1: [8086:2015] type 00 class 0x110100
[   16.610659] pci 0000:00:08.2: [8086:2016] type 00 class 0x088000
[   16.611350] pci 0000:00:11.0: [8086:a1ec] type 00 class 0xff0000
[   16.611355] pci 0000:00:11.0: device has non-compliant BARs; disabling IO/MEM decoding
[   16.612039] pci 0000:00:11.5: [8086:a1d2] type 00 class 0x010601
[   16.612054] pci 0000:00:11.5: reg 0x10: [mem 0x92b16000-0x92b17fff]
[   16.612060] pci 0000:00:11.5: reg 0x14: [mem 0x92b1f000-0x92b1f0ff]
[   16.612066] pci 0000:00:11.5: reg 0x18: [io  0x2068-0x206f]
[   16.612072] pci 0000:00:11.5: reg 0x1c: [io  0x2074-0x2077]
[   16.612078] pci 0000:00:11.5: reg 0x20: [io  0x2040-0x205f]
[   16.612084] pci 0000:00:11.5: reg 0x24: [mem 0x92a80000-0x92afffff]
[   16.612119] pci 0000:00:11.5: PME# supported from D3hot
[   16.612806] pci 0000:00:14.0: [8086:a1af] type 00 class 0x0c0330
[   16.612825] pci 0000:00:14.0: reg 0x10: [mem 0x92b00000-0x92b0ffff 64bit]
[   16.612881] pci 0000:00:14.0: PME# supported from D3hot D3cold
[   16.613566] pci 0000:00:14.2: [8086:a1b1] type 00 class 0x118000
[   16.613585] pci 0000:00:14.2: reg 0x10: [mem 0x92b1c000-0x92b1cfff 64bit]
[   16.614297] pci 0000:00:16.0: [8086:a1ba] type 00 class 0x078000
[   16.614323] pci 0000:00:16.0: reg 0x10: [mem 0x92b1b000-0x92b1bfff 64bit]
[   16.614399] pci 0000:00:16.0: PME# supported from D3hot
[   16.615061] pci 0000:00:16.1: [8086:a1bb] type 00 class 0x078000
[   16.615086] pci 0000:00:16.1: reg 0x10: [mem 0x92b1a000-0x92b1afff 64bit]
[   16.615163] pci 0000:00:16.1: PME# supported from D3hot
[   16.615823] pci 0000:00:16.4: [8086:a1be] type 00 class 0x078000
[   16.615849] pci 0000:00:16.4: reg 0x10: [mem 0x92b19000-0x92b19fff 64bit]
[   16.615925] pci 0000:00:16.4: PME# supported from D3hot
[   16.616583] pci 0000:00:17.0: [8086:a182] type 00 class 0x010601
[   16.616598] pci 0000:00:17.0: reg 0x10: [mem 0x92b14000-0x92b15fff]
[   16.616604] pci 0000:00:17.0: reg 0x14: [mem 0x92b1e000-0x92b1e0ff]
[   16.616610] pci 0000:00:17.0: reg 0x18: [io  0x2060-0x2067]
[   16.616616] pci 0000:00:17.0: reg 0x1c: [io  0x2070-0x2073]
[   16.616622] pci 0000:00:17.0: reg 0x20: [io  0x2020-0x203f]
[   16.616628] pci 0000:00:17.0: reg 0x24: [mem 0x92a00000-0x92a7ffff]
[   16.616661] pci 0000:00:17.0: PME# supported from D3hot
[   16.617371] pci 0000:00:1c.0: [8086:a190] type 01 class 0x060400
[   16.617436] pci 0000:00:1c.0: PME# supported from D0 D3hot D3cold
[   16.618169] pci 0000:00:1c.4: [8086:a194] type 01 class 0x060400
[   16.618231] pci 0000:00:1c.4: PME# supported from D0 D3hot D3cold
[   16.618986] pci 0000:00:1f.0: [8086:a1c1] type 00 class 0x060100
[   16.619757] pci 0000:00:1f.2: [8086:a1a1] type 00 class 0x058000
[   16.619771] pci 0000:00:1f.2: reg 0x10: [mem 0x92b10000-0x92b13fff]
[   16.620498] pci 0000:00:1f.4: [8086:a1a3] type 00 class 0x0c0500
[   16.620516] pci 0000:00:1f.4: reg 0x10: [mem 0x92b18000-0x92b180ff 64bit]
[   16.620536] pci 0000:00:1f.4: reg 0x20: [io  0x2000-0x201f]
[   16.621201] pci 0000:00:1f.5: [8086:a1a4] type 00 class 0x0c8000
[   16.621215] pci 0000:00:1f.5: reg 0x10: [mem 0xfe010000-0xfe010fff]
[   16.621968] pci 0000:01:00.0: [14e4:165f] type 00 class 0x020000
[   16.621996] pci 0000:01:00.0: reg 0x10: [mem 0x92930000-0x9293ffff 64bit pref]
[   16.622010] pci 0000:01:00.0: reg 0x18: [mem 0x92940000-0x9294ffff 64bit pref]
[   16.622023] pci 0000:01:00.0: reg 0x20: [mem 0x92950000-0x9295ffff 64bit pref]
[   16.622032] pci 0000:01:00.0: reg 0x30: [mem 0xfffc0000-0xffffffff pref]
[   16.622114] pci 0000:01:00.0: PME# supported from D0 D3hot D3cold
[   16.622226] pci 0000:01:00.1: [14e4:165f] type 00 class 0x020000
[   16.622254] pci 0000:01:00.1: reg 0x10: [mem 0x92900000-0x9290ffff 64bit pref]
[   16.622268] pci 0000:01:00.1: reg 0x18: [mem 0x92910000-0x9291ffff 64bit pref]
[   16.622282] pci 0000:01:00.1: reg 0x20: [mem 0x92920000-0x9292ffff 64bit pref]
[   16.622291] pci 0000:01:00.1: reg 0x30: [mem 0xfffc0000-0xffffffff pref]
[   16.622372] pci 0000:01:00.1: PME# supported from D0 D3hot D3cold
[   16.622501] pci 0000:00:1c.0: PCI bridge to [bus 01]
[   16.622507] pci 0000:00:1c.0:   bridge window [mem 0x92900000-0x929fffff 64bit pref]
[   16.622557] pci 0000:02:00.0: [1556:be00] type 01 class 0x060400
[   16.634836] pci 0000:00:1c.4: PCI bridge to [bus 02-03]
[   16.634843] pci 0000:00:1c.4:   bridge window [mem 0x92000000-0x928fffff]
[   16.634849] pci 0000:00:1c.4:   bridge window [mem 0x91000000-0x91ffffff 64bit pref]
[   16.634892] pci_bus 0000:03: extended config space not accessible
[   16.634929] pci 0000:03:00.0: [102b:0536] type 00 class 0x030000
[   16.634955] pci 0000:03:00.0: reg 0x10: [mem 0x91000000-0x91ffffff pref]
[   16.634969] pci 0000:03:00.0: reg 0x14: [mem 0x92808000-0x9280bfff]
[   16.634983] pci 0000:03:00.0: reg 0x18: [mem 0x92000000-0x927fffff]
[   16.635051] pci 0000:03:00.0: BAR 0: assigned to efifb
[   16.635210] pci 0000:02:00.0: PCI bridge to [bus 03]
[   16.635219] pci 0000:02:00.0:   bridge window [mem 0x92000000-0x928fffff]
[   16.635226] pci 0000:02:00.0:   bridge window [mem 0x91000000-0x91ffffff 64bit pref]
[   16.635244] pci_bus 0000:00: on NUMA node 0
[   16.635837] ACPI: PCI Interrupt Link [LNKA] (IRQs 3 4 5 6 10 *11 12 14 15)
[   16.635987] ACPI: PCI Interrupt Link [LNKB] (IRQs 3 4 5 *6 10 11 12 14 15)
[   16.636134] ACPI: PCI Interrupt Link [LNKC] (IRQs 3 4 *5 6 10 11 12 14 15)
[   16.636280] ACPI: PCI Interrupt Link [LNKD] (IRQs 3 4 5 6 10 *11 12 14 15)
[   16.636426] ACPI: PCI Interrupt Link [LNKE] (IRQs 3 4 5 6 10 *11 12 14 15)
[   16.636571] ACPI: PCI Interrupt Link [LNKF] (IRQs 3 4 5 *6 10 11 12 14 15)
[   16.636716] ACPI: PCI Interrupt Link [LNKG] (IRQs 3 4 *5 6 10 11 12 14 15)
[   16.636861] ACPI: PCI Interrupt Link [LNKH] (IRQs 3 4 5 6 10 *11 12 14 15)
[   16.637639] ACPI: PCI Root Bridge [PC01] (domain 0000 [bus 17-39])
[   16.637646] acpi PNP0A08:01: _OSC: OS supports [ExtendedConfig ASPM ClockPM Segments MSI HPX-Type3]
[   16.637800] acpi PNP0A08:01: PCIe AER handled by firmware
[   16.638011] acpi PNP0A08:01: _OSC: platform does not support [SHPCHotplug LTR]
[   16.638397] acpi PNP0A08:01: _OSC: OS now controls [PCIeHotplug PME PCIeCapability]
[   16.638399] acpi PNP0A08:01: FADT indicates ASPM is unsupported, using BIOS configuration
[   16.638931] PCI host bridge to bus 0000:17
[   16.638934] pci_bus 0000:17: root bus resource [io  0x4000-0x5fff window]
[   16.638937] pci_bus 0000:17: root bus resource [mem 0x9d800000-0xaaffffff window]
[   16.638939] pci_bus 0000:17: root bus resource [mem 0x381000000000-0x381fffffffff window]
[   16.638941] pci_bus 0000:17: root bus resource [bus 17-39]
[   16.638958] pci 0000:17:00.0: [8086:2030] type 01 class 0x060400
[   16.639065] pci 0000:17:00.0: PME# supported from D0 D3hot D3cold
[   16.639403] pci 0000:17:02.0: [8086:2032] type 01 class 0x060400
[   16.639487] pci 0000:17:02.0: PME# supported from D0 D3hot D3cold
[   16.639675] pci 0000:17:05.0: [8086:2034] type 00 class 0x088000
[   16.639848] pci 0000:17:05.2: [8086:2035] type 00 class 0x088000
[   16.640014] pci 0000:17:05.4: [8086:2036] type 00 class 0x080020
[   16.640027] pci 0000:17:05.4: reg 0x10: [mem 0x9dd00000-0x9dd00fff]
[   16.640189] pci 0000:17:08.0: [8086:208d] type 00 class 0x088000
[   16.640371] pci 0000:17:08.1: [8086:208d] type 00 class 0x088000
[   16.640504] pci 0000:17:08.2: [8086:208d] type 00 class 0x088000
[   16.640627] pci 0000:17:08.3: [8086:208d] type 00 class 0x088000
[   16.640758] pci 0000:17:08.4: [8086:208d] type 00 class 0x088000
[   16.640881] pci 0000:17:08.5: [8086:208d] type 00 class 0x088000
[   16.641012] pci 0000:17:08.6: [8086:208d] type 00 class 0x088000
[   16.641144] pci 0000:17:08.7: [8086:208d] type 00 class 0x088000
[   16.641267] pci 0000:17:09.0: [8086:208d] type 00 class 0x088000
[   16.641445] pci 0000:17:09.1: [8086:208d] type 00 class 0x088000
[   16.641577] pci 0000:17:09.2: [8086:208d] type 00 class 0x088000
[   16.641700] pci 0000:17:09.3: [8086:208d] type 00 class 0x088000
[   16.641832] pci 0000:17:09.4: [8086:208d] type 00 class 0x088000
[   16.641964] pci 0000:17:09.5: [8086:208d] type 00 class 0x088000
[   16.642088] pci 0000:17:09.6: [8086:208d] type 00 class 0x088000
[   16.642219] pci 0000:17:09.7: [8086:208d] type 00 class 0x088000
[   16.642343] pci 0000:17:0a.0: [8086:208d] type 00 class 0x088000
[   16.642529] pci 0000:17:0a.1: [8086:208d] type 00 class 0x088000
[   16.642661] pci 0000:17:0a.2: [8086:208d] type 00 class 0x088000
[   16.642785] pci 0000:17:0a.3: [8086:208d] type 00 class 0x088000
[   16.642925] pci 0000:17:0a.4: [8086:208d] type 00 class 0x088000
[   16.643059] pci 0000:17:0a.5: [8086:208d] type 00 class 0x088000
[   16.643184] pci 0000:17:0a.6: [8086:208d] type 00 class 0x088000
[   16.643317] pci 0000:17:0a.7: [8086:208d] type 00 class 0x088000
[   16.643449] pci 0000:17:0b.0: [8086:208d] type 00 class 0x088000
[   16.643625] pci 0000:17:0b.1: [8086:208d] type 00 class 0x088000
[   16.643756] pci 0000:17:0b.2: [8086:208d] type 00 class 0x088000
[   16.643887] pci 0000:17:0b.3: [8086:208d] type 00 class 0x088000
[   16.644019] pci 0000:17:0e.0: [8086:208e] type 00 class 0x088000
[   16.644170] pci 0000:17:0e.1: [8086:208e] type 00 class 0x088000
[   16.644301] pci 0000:17:0e.2: [8086:208e] type 00 class 0x088000
[   16.644424] pci 0000:17:0e.3: [8086:208e] type 00 class 0x088000
[   16.644553] pci 0000:17:0e.4: [8086:208e] type 00 class 0x088000
[   16.644699] pci 0000:17:0e.5: [8086:208e] type 00 class 0x088000
[   16.644831] pci 0000:17:0e.6: [8086:208e] type 00 class 0x088000
[   16.644961] pci 0000:17:0e.7: [8086:208e] type 00 class 0x088000
[   16.645084] pci 0000:17:0f.0: [8086:208e] type 00 class 0x088000
[   16.645236] pci 0000:17:0f.1: [8086:208e] type 00 class 0x088000
[   16.645367] pci 0000:17:0f.2: [8086:208e] type 00 class 0x088000
[   16.645490] pci 0000:17:0f.3: [8086:208e] type 00 class 0x088000
[   16.645621] pci 0000:17:0f.4: [8086:208e] type 00 class 0x088000
[   16.645780] pci 0000:17:0f.5: [8086:208e] type 00 class 0x088000
[   16.645904] pci 0000:17:0f.6: [8086:208e] type 00 class 0x088000
[   16.646035] pci 0000:17:0f.7: [8086:208e] type 00 class 0x088000
[   16.646159] pci 0000:17:10.0: [8086:208e] type 00 class 0x088000
[   16.646335] pci 0000:17:10.1: [8086:208e] type 00 class 0x088000
[   16.646466] pci 0000:17:10.2: [8086:208e] type 00 class 0x088000
[   16.646590] pci 0000:17:10.3: [8086:208e] type 00 class 0x088000
[   16.646722] pci 0000:17:10.4: [8086:208e] type 00 class 0x088000
[   16.646880] pci 0000:17:10.5: [8086:208e] type 00 class 0x088000
[   16.646993] pci 0000:17:10.6: [8086:208e] type 00 class 0x088000
[   16.647050] pci 0000:17:10.7: [8086:208e] type 00 class 0x088000
[   16.647109] pci 0000:17:11.0: [8086:208e] type 00 class 0x088000
[   16.647177] pci 0000:17:11.1: [8086:208e] type 00 class 0x088000
[   16.647236] pci 0000:17:11.2: [8086:208e] type 00 class 0x088000
[   16.647295] pci 0000:17:11.3: [8086:208e] type 00 class 0x088000
[   16.647358] pci 0000:17:1d.0: [8086:2054] type 00 class 0x088000
[   16.647449] pci 0000:17:1d.1: [8086:2055] type 00 class 0x088000
[   16.647508] pci 0000:17:1d.2: [8086:2056] type 00 class 0x088000
[   16.647562] pci 0000:17:1d.3: [8086:2057] type 00 class 0x088000
[   16.647625] pci 0000:17:1e.0: [8086:2080] type 00 class 0x088000
[   16.647693] pci 0000:17:1e.1: [8086:2081] type 00 class 0x088000
[   16.647746] pci 0000:17:1e.2: [8086:2082] type 00 class 0x088000
[   16.647804] pci 0000:17:1e.3: [8086:2083] type 00 class 0x088000
[   16.647919] pci 0000:17:1e.4: [8086:2084] type 00 class 0x088000
[   16.647995] pci 0000:17:1e.5: [8086:2085] type 00 class 0x088000
[   16.648055] pci 0000:17:1e.6: [8086:2086] type 00 class 0x088000
[   16.648140] pci 0000:18:00.0: [1000:005d] type 00 class 0x010400
[   16.648151] pci 0000:18:00.0: reg 0x10: [io  0x4000-0x40ff]
[   16.648157] pci 0000:18:00.0: reg 0x14: [mem 0x9dc00000-0x9dc0ffff 64bit]
[   16.648164] pci 0000:18:00.0: reg 0x1c: [mem 0x9db00000-0x9dbfffff 64bit]
[   16.648172] pci 0000:18:00.0: reg 0x30: [mem 0xfff00000-0xffffffff pref]
[   16.648212] pci 0000:18:00.0: supports D1 D2
[   16.648254] pci 0000:17:00.0: PCI bridge to [bus 18]
[   16.648256] pci 0000:17:00.0:   bridge window [io  0x4000-0x4fff]
[   16.648257] pci 0000:17:00.0:   bridge window [mem 0x9db00000-0x9dcfffff]
[   16.648379] pci 0000:19:00.0: [14e4:16d6] type 00 class 0x020000
[   16.648401] pci 0000:19:00.0: reg 0x10: [mem 0x9da10000-0x9da1ffff 64bit pref]
[   16.648410] pci 0000:19:00.0: reg 0x18: [mem 0x9d900000-0x9d9fffff 64bit pref]
[   16.648419] pci 0000:19:00.0: reg 0x20: [mem 0x9da22000-0x9da23fff 64bit pref]
[   16.648425] pci 0000:19:00.0: reg 0x30: [mem 0xfff80000-0xffffffff pref]
[   16.648485] pci 0000:19:00.0: PME# supported from D0 D3hot D3cold
[   16.648647] pci 0000:19:00.1: [14e4:16d6] type 00 class 0x020000
[   16.648667] pci 0000:19:00.1: reg 0x10: [mem 0x9da00000-0x9da0ffff 64bit pref]
[   16.648676] pci 0000:19:00.1: reg 0x18: [mem 0x9d800000-0x9d8fffff 64bit pref]
[   16.648685] pci 0000:19:00.1: reg 0x20: [mem 0x9da20000-0x9da21fff 64bit pref]
[   16.648691] pci 0000:19:00.1: reg 0x30: [mem 0xfff80000-0xffffffff pref]
[   16.648744] pci 0000:19:00.1: PME# supported from D0 D3hot D3cold
[   16.648873] pci 0000:17:02.0: PCI bridge to [bus 19]
[   16.648877] pci 0000:17:02.0:   bridge window [mem 0x9d800000-0x9dafffff 64bit pref]
[   16.648888] pci_bus 0000:17: on NUMA node 0
[   16.649032] ACPI: PCI Root Bridge [PC02] (domain 0000 [bus 3a-5c])
[   16.649035] acpi PNP0A08:02: _OSC: OS supports [ExtendedConfig ASPM ClockPM Segments MSI HPX-Type3]
[   16.649102] acpi PNP0A08:02: PCIe AER handled by firmware
[   16.649178] acpi PNP0A08:02: _OSC: platform does not support [SHPCHotplug LTR]
[   16.649318] acpi PNP0A08:02: _OSC: OS now controls [PCIeHotplug PME PCIeCapability]
[   16.649318] acpi PNP0A08:02: FADT indicates ASPM is unsupported, using BIOS configuration
[   16.649472] PCI host bridge to bus 0000:3a
[   16.649473] pci_bus 0000:3a: root bus resource [io  0x6000-0x7fff window]
[   16.649474] pci_bus 0000:3a: root bus resource [mem 0xab000000-0xb87fffff window]
[   16.649475] pci_bus 0000:3a: root bus resource [mem 0x382000000000-0x382fffffffff window]
[   16.649476] pci_bus 0000:3a: root bus resource [bus 3a-5c]
[   16.649483] pci 0000:3a:00.0: [8086:2030] type 01 class 0x060400
[   16.649533] pci 0000:3a:00.0: PME# supported from D0 D3hot D3cold
[   16.649666] pci 0000:3a:05.0: [8086:2034] type 00 class 0x088000
[   16.649748] pci 0000:3a:05.2: [8086:2035] type 00 class 0x088000
[   16.649869] pci 0000:3a:05.4: [8086:2036] type 00 class 0x080020
[   16.649876] pci 0000:3a:05.4: reg 0x10: [mem 0xab200000-0xab200fff]
[   16.649945] pci 0000:3a:08.0: [8086:2066] type 00 class 0x088000
[   16.650018] pci 0000:3a:09.0: [8086:2066] type 00 class 0x088000
[   16.650091] pci 0000:3a:0a.0: [8086:2040] type 00 class 0x088000
[   16.650163] pci 0000:3a:0a.1: [8086:2041] type 00 class 0x088000
[   16.650225] pci 0000:3a:0a.2: [8086:2042] type 00 class 0x088000
[   16.650288] pci 0000:3a:0a.3: [8086:2043] type 00 class 0x088000
[   16.650344] pci 0000:3a:0a.4: [8086:2044] type 00 class 0x088000
[   16.650429] pci 0000:3a:0a.5: [8086:2045] type 00 class 0x088000
[   16.650491] pci 0000:3a:0a.6: [8086:2046] type 00 class 0x088000
[   16.650547] pci 0000:3a:0a.7: [8086:2047] type 00 class 0x088000
[   16.650609] pci 0000:3a:0b.0: [8086:2048] type 00 class 0x088000
[   16.650680] pci 0000:3a:0b.1: [8086:2049] type 00 class 0x088000
[   16.650741] pci 0000:3a:0b.2: [8086:204a] type 00 class 0x088000
[   16.650798] pci 0000:3a:0b.3: [8086:204b] type 00 class 0x088000
[   16.650864] pci 0000:3a:0c.0: [8086:2040] type 00 class 0x088000
[   16.650960] pci 0000:3a:0c.1: [8086:2041] type 00 class 0x088000
[   16.651025] pci 0000:3a:0c.2: [8086:2042] type 00 class 0x088000
[   16.651083] pci 0000:3a:0c.3: [8086:2043] type 00 class 0x088000
[   16.651147] pci 0000:3a:0c.4: [8086:2044] type 00 class 0x088000
[   16.651211] pci 0000:3a:0c.5: [8086:2045] type 00 class 0x088000
[   16.651269] pci 0000:3a:0c.6: [8086:2046] type 00 class 0x088000
[   16.651333] pci 0000:3a:0c.7: [8086:2047] type 00 class 0x088000
[   16.651397] pci 0000:3a:0d.0: [8086:2048] type 00 class 0x088000
[   16.651492] pci 0000:3a:0d.1: [8086:2049] type 00 class 0x088000
[   16.651556] pci 0000:3a:0d.2: [8086:204a] type 00 class 0x088000
[   16.651620] pci 0000:3a:0d.3: [8086:204b] type 00 class 0x088000
[   16.651727] pci 0000:3b:00.0: [1022:1470] type 01 class 0x060400
[   16.651742] pci 0000:3b:00.0: reg 0x10: [mem 0xab100000-0xab103fff]
[   16.652058] pci 0000:3b:00.0: PME# supported from D0 D3hot D3cold
[   16.652145] pci 0000:3a:00.0: PCI bridge to [bus 3b-3d]
[   16.652147] pci 0000:3a:00.0:   bridge window [io  0x6000-0x6fff]
[   16.652149] pci 0000:3a:00.0:   bridge window [mem 0xab000000-0xab1fffff]
[   16.652151] pci 0000:3a:00.0:   bridge window [mem 0x382fe0000000-0x382ff01fffff 64bit pref]
[   16.652209] pci 0000:3c:00.0: [1022:1471] type 01 class 0x060400
[   16.652421] pci 0000:3c:00.0: PME# supported from D0 D3hot D3cold
[   16.652491] pci 0000:3b:00.0: PCI bridge to [bus 3c-3d]
[   16.652495] pci 0000:3b:00.0:   bridge window [io  0x6000-0x6fff]
[   16.652497] pci 0000:3b:00.0:   bridge window [mem 0xab000000-0xab0fffff]
[   16.652500] pci 0000:3b:00.0:   bridge window [mem 0x382fe0000000-0x382ff01fffff 64bit pref]
[   16.652536] pci 0000:3d:00.0: [1002:6868] type 00 class 0x030000
[   16.652554] pci 0000:3d:00.0: reg 0x10: [mem 0x382fe0000000-0x382fefffffff 64bit pref]
[   16.652561] pci 0000:3d:00.0: reg 0x18: [mem 0x382ff0000000-0x382ff01fffff 64bit pref]
[   16.652565] pci 0000:3d:00.0: reg 0x20: [io  0x6000-0x60ff]
[   16.652569] pci 0000:3d:00.0: reg 0x24: [mem 0xab000000-0xab07ffff]
[   16.652574] pci 0000:3d:00.0: reg 0x30: [mem 0xfffe0000-0xffffffff pref]
[   16.652765] pci 0000:3d:00.0: PME# supported from D1 D2 D3hot D3cold
[   16.652832] pci 0000:3d:00.1: [1002:aaf8] type 00 class 0x040300
[   16.652846] pci 0000:3d:00.1: reg 0x10: [mem 0xab080000-0xab083fff]
[   16.653052] pci 0000:3d:00.1: PME# supported from D1 D2 D3hot D3cold
[   16.653116] pci 0000:3c:00.0: PCI bridge to [bus 3d]
[   16.653119] pci 0000:3c:00.0:   bridge window [io  0x6000-0x6fff]
[   16.653121] pci 0000:3c:00.0:   bridge window [mem 0xab000000-0xab0fffff]
[   16.653125] pci 0000:3c:00.0:   bridge window [mem 0x382fe0000000-0x382ff01fffff 64bit pref]
[   16.653137] pci_bus 0000:3a: on NUMA node 0
[   16.653257] ACPI: PCI Root Bridge [PC03] (domain 0000 [bus 5d-7f])
[   16.653259] acpi PNP0A08:03: _OSC: OS supports [ExtendedConfig ASPM ClockPM Segments MSI HPX-Type3]
[   16.653322] acpi PNP0A08:03: PCIe AER handled by firmware
[   16.653398] acpi PNP0A08:03: _OSC: platform does not support [SHPCHotplug LTR]
[   16.653538] acpi PNP0A08:03: _OSC: OS now controls [PCIeHotplug PME PCIeCapability]
[   16.653539] acpi PNP0A08:03: FADT indicates ASPM is unsupported, using BIOS configuration
[   16.653743] PCI host bridge to bus 0000:5d
[   16.653744] pci_bus 0000:5d: root bus resource [io  0x8000-0x9fff window]
[   16.653745] pci_bus 0000:5d: root bus resource [mem 0xb8800000-0xc5ffffff window]
[   16.653745] pci_bus 0000:5d: root bus resource [mem 0x383000000000-0x383fffffffff window]
[   16.653746] pci_bus 0000:5d: root bus resource [bus 5d-7f]
[   16.653755] pci 0000:5d:05.0: [8086:2034] type 00 class 0x088000
[   16.653859] pci 0000:5d:05.2: [8086:2035] type 00 class 0x088000
[   16.653936] pci 0000:5d:05.4: [8086:2036] type 00 class 0x080020
[   16.653944] pci 0000:5d:05.4: reg 0x10: [mem 0xb8800000-0xb8800fff]
[   16.654017] pci 0000:5d:0e.0: [8086:2058] type 00 class 0x110100
[   16.654089] pci 0000:5d:0e.1: [8086:2059] type 00 class 0x088000
[   16.654151] pci 0000:5d:0f.0: [8086:2058] type 00 class 0x110100
[   16.654229] pci 0000:5d:0f.1: [8086:2059] type 00 class 0x088000
[   16.654292] pci 0000:5d:10.0: [8086:2058] type 00 class 0x110100
[   16.654363] pci 0000:5d:10.1: [8086:2059] type 00 class 0x088000
[   16.654443] pci 0000:5d:12.0: [8086:204c] type 00 class 0x110100
[   16.654512] pci 0000:5d:12.1: [8086:204d] type 00 class 0x110100
[   16.654562] pci 0000:5d:12.2: [8086:204e] type 00 class 0x088000
[   16.654608] pci 0000:5d:12.4: [8086:204c] type 00 class 0x110100
[   16.654668] pci 0000:5d:12.5: [8086:204d] type 00 class 0x110100
[   16.654720] pci 0000:5d:15.0: [8086:2018] type 00 class 0x088000
[   16.654785] pci 0000:5d:15.1: [8086:2088] type 00 class 0x110100
[   16.654833] pci 0000:5d:16.0: [8086:2018] type 00 class 0x088000
[   16.654938] pci 0000:5d:16.1: [8086:2088] type 00 class 0x110100
[   16.654990] pci 0000:5d:16.4: [8086:2018] type 00 class 0x088000
[   16.655035] pci 0000:5d:16.5: [8086:2088] type 00 class 0x110100
[   16.655087] pci 0000:5d:17.0: [8086:2018] type 00 class 0x088000
[   16.655147] pci 0000:5d:17.1: [8086:2088] type 00 class 0x110100
[   16.655196] pci_bus 0000:5d: on NUMA node 0
[   16.655414] ACPI: PCI Root Bridge [PC06] (domain 0000 [bus 80-84])
[   16.655417] acpi PNP0A08:06: _OSC: OS supports [ExtendedConfig ASPM ClockPM Segments MSI HPX-Type3]
[   16.655479] acpi PNP0A08:06: PCIe AER handled by firmware
[   16.655555] acpi PNP0A08:06: _OSC: platform does not support [SHPCHotplug LTR]
[   16.655694] acpi PNP0A08:06: _OSC: OS now controls [PCIeHotplug PME PCIeCapability]
[   16.655695] acpi PNP0A08:06: FADT indicates ASPM is unsupported, using BIOS configuration
[   16.655736] acpi PNP0A08:06: host bridge window [io  0x0000 window] (ignored, not CPU addressable)
[   16.655832] PCI host bridge to bus 0000:80
[   16.655833] pci_bus 0000:80: root bus resource [mem 0xc6000000-0xd37fffff window]
[   16.655834] pci_bus 0000:80: root bus resource [mem 0x384000000000-0x384fffffffff window]
[   16.655835] pci_bus 0000:80: root bus resource [bus 80-84]
[   16.655856] pci 0000:80:05.0: [8086:2024] type 00 class 0x088000
[   16.655951] pci 0000:80:05.2: [8086:2025] type 00 class 0x088000
[   16.656032] pci 0000:80:05.4: [8086:2026] type 00 class 0x080020
